Archive member included to satisfy reference by file (symbol)

/Users/sachalevy/STM32CubeIDE/workspace_1.8.0/Final/Core/Lib/libarm_cortexM4lf_math.a(arm_sin_f32.o)
                              ./Core/Src/main.o (arm_sin_f32)
/Users/sachalevy/STM32CubeIDE/workspace_1.8.0/Final/Core/Lib/libarm_cortexM4lf_math.a(arm_common_tables.o)
                              /Users/sachalevy/STM32CubeIDE/workspace_1.8.0/Final/Core/Lib/libarm_cortexM4lf_math.a(arm_sin_f32.o) (sinTable_f32)
/Applications/STM32CubeIDE.app/Contents/Eclipse/plugins/com.st.stm32cube.ide.mcu.externaltools.gnu-tools-for-stm32.9-2020-q2-update.macos64_2.0.0.202105311346/tools/bin/../lib/gcc/arm-none-eabi/9.3.1/../../../../arm-none-eabi/lib/thumb/v7e-m+fp/hard/libc_nano.a(lib_a-errno.o)
                              ./Core/Src/syscalls.o (__errno)
/Applications/STM32CubeIDE.app/Contents/Eclipse/plugins/com.st.stm32cube.ide.mcu.externaltools.gnu-tools-for-stm32.9-2020-q2-update.macos64_2.0.0.202105311346/tools/bin/../lib/gcc/arm-none-eabi/9.3.1/../../../../arm-none-eabi/lib/thumb/v7e-m+fp/hard/libc_nano.a(lib_a-exit.o)
                              /Applications/STM32CubeIDE.app/Contents/Eclipse/plugins/com.st.stm32cube.ide.mcu.externaltools.gnu-tools-for-stm32.9-2020-q2-update.macos64_2.0.0.202105311346/tools/bin/../lib/gcc/arm-none-eabi/9.3.1/../../../../arm-none-eabi/lib/thumb/v7e-m+fp/hard/crt0.o (exit)
/Applications/STM32CubeIDE.app/Contents/Eclipse/plugins/com.st.stm32cube.ide.mcu.externaltools.gnu-tools-for-stm32.9-2020-q2-update.macos64_2.0.0.202105311346/tools/bin/../lib/gcc/arm-none-eabi/9.3.1/../../../../arm-none-eabi/lib/thumb/v7e-m+fp/hard/libc_nano.a(lib_a-impure.o)
                              /Applications/STM32CubeIDE.app/Contents/Eclipse/plugins/com.st.stm32cube.ide.mcu.externaltools.gnu-tools-for-stm32.9-2020-q2-update.macos64_2.0.0.202105311346/tools/bin/../lib/gcc/arm-none-eabi/9.3.1/../../../../arm-none-eabi/lib/thumb/v7e-m+fp/hard/libc_nano.a(lib_a-exit.o) (_global_impure_ptr)
/Applications/STM32CubeIDE.app/Contents/Eclipse/plugins/com.st.stm32cube.ide.mcu.externaltools.gnu-tools-for-stm32.9-2020-q2-update.macos64_2.0.0.202105311346/tools/bin/../lib/gcc/arm-none-eabi/9.3.1/../../../../arm-none-eabi/lib/thumb/v7e-m+fp/hard/libc_nano.a(lib_a-init.o)
                              /Applications/STM32CubeIDE.app/Contents/Eclipse/plugins/com.st.stm32cube.ide.mcu.externaltools.gnu-tools-for-stm32.9-2020-q2-update.macos64_2.0.0.202105311346/tools/bin/../lib/gcc/arm-none-eabi/9.3.1/../../../../arm-none-eabi/lib/thumb/v7e-m+fp/hard/crt0.o (__libc_init_array)
/Applications/STM32CubeIDE.app/Contents/Eclipse/plugins/com.st.stm32cube.ide.mcu.externaltools.gnu-tools-for-stm32.9-2020-q2-update.macos64_2.0.0.202105311346/tools/bin/../lib/gcc/arm-none-eabi/9.3.1/../../../../arm-none-eabi/lib/thumb/v7e-m+fp/hard/libc_nano.a(lib_a-memcpy-stub.o)
                              ./Drivers/Components/m24sr/m24sr.o (memcpy)
/Applications/STM32CubeIDE.app/Contents/Eclipse/plugins/com.st.stm32cube.ide.mcu.externaltools.gnu-tools-for-stm32.9-2020-q2-update.macos64_2.0.0.202105311346/tools/bin/../lib/gcc/arm-none-eabi/9.3.1/../../../../arm-none-eabi/lib/thumb/v7e-m+fp/hard/libc_nano.a(lib_a-memset.o)
                              /Applications/STM32CubeIDE.app/Contents/Eclipse/plugins/com.st.stm32cube.ide.mcu.externaltools.gnu-tools-for-stm32.9-2020-q2-update.macos64_2.0.0.202105311346/tools/bin/../lib/gcc/arm-none-eabi/9.3.1/../../../../arm-none-eabi/lib/thumb/v7e-m+fp/hard/crt0.o (memset)
/Applications/STM32CubeIDE.app/Contents/Eclipse/plugins/com.st.stm32cube.ide.mcu.externaltools.gnu-tools-for-stm32.9-2020-q2-update.macos64_2.0.0.202105311346/tools/bin/../lib/gcc/arm-none-eabi/9.3.1/../../../../arm-none-eabi/lib/thumb/v7e-m+fp/hard/libc_nano.a(lib_a-sprintf.o)
                              ./Core/Src/main.o (sprintf)
/Applications/STM32CubeIDE.app/Contents/Eclipse/plugins/com.st.stm32cube.ide.mcu.externaltools.gnu-tools-for-stm32.9-2020-q2-update.macos64_2.0.0.202105311346/tools/bin/../lib/gcc/arm-none-eabi/9.3.1/../../../../arm-none-eabi/lib/thumb/v7e-m+fp/hard/libc_nano.a(lib_a-strlen.o)
                              ./Core/Src/main.o (strlen)
/Applications/STM32CubeIDE.app/Contents/Eclipse/plugins/com.st.stm32cube.ide.mcu.externaltools.gnu-tools-for-stm32.9-2020-q2-update.macos64_2.0.0.202105311346/tools/bin/../lib/gcc/arm-none-eabi/9.3.1/../../../../arm-none-eabi/lib/thumb/v7e-m+fp/hard/libc_nano.a(lib_a-nano-svfprintf.o)
                              /Applications/STM32CubeIDE.app/Contents/Eclipse/plugins/com.st.stm32cube.ide.mcu.externaltools.gnu-tools-for-stm32.9-2020-q2-update.macos64_2.0.0.202105311346/tools/bin/../lib/gcc/arm-none-eabi/9.3.1/../../../../arm-none-eabi/lib/thumb/v7e-m+fp/hard/libc_nano.a(lib_a-sprintf.o) (_svfprintf_r)
[...]
Memory Configuration

Name             Origin             Length             Attributes
RAM              0x0000000020000000 0x0000000000018000 xrw
RAM2             0x0000000010000000 0x0000000000008000 xrw
FLASH            0x0000000008000000 0x0000000000100000 xr
*default*        0x0000000000000000 0xffffffffffffffff

Linker script and memory map

LOAD /Applications/STM32CubeIDE.app/Contents/Eclipse/plugins/com.st.stm32cube.ide.mcu.externaltools.gnu-tools-for-stm32.9-2020-q2-update.macos64_2.0.0.202105311346/tools/bin/../lib/gcc/arm-none-eabi/9.3.1/thumb/v7e-m+fp/hard/crti.o
LOAD /Applications/STM32CubeIDE.app/Contents/Eclipse/plugins/com.st.stm32cube.ide.mcu.externaltools.gnu-tools-for-stm32.9-2020-q2-update.macos64_2.0.0.202105311346/tools/bin/../lib/gcc/arm-none-eabi/9.3.1/thumb/v7e-m+fp/hard/crtbegin.o
LOAD /Applications/STM32CubeIDE.app/Contents/Eclipse/plugins/com.st.stm32cube.ide.mcu.externaltools.gnu-tools-for-stm32.9-2020-q2-update.macos64_2.0.0.202105311346/tools/bin/../lib/gcc/arm-none-eabi/9.3.1/../../../../arm-none-eabi/lib/thumb/v7e-m+fp/hard/crt0.o
LOAD ./Core/Src/main.o
LOAD ./Core/Src/stm32l4s5i_iot01.o
LOAD ./Core/Src/stm32l4s5i_iot01_accelero.o
LOAD ./Core/Src/stm32l4s5i_iot01_gyro.o
LOAD ./Core/Src/stm32l4s5i_iot01_hsensor.o
LOAD ./Core/Src/stm32l4s5i_iot01_magneto.o
LOAD ./Core/Src/stm32l4xx_hal_msp.o
LOAD ./Core/Src/stm32l4xx_it.o
LOAD ./Core/Src/syscalls.o
LOAD ./Core/Src/sysmem.o
LOAD ./Core/Src/system_stm32l4xx.o
LOAD ./Core/Startup/startup_stm32l475vgtx.o
LOAD ./Drivers/Components/cs42l51/cs42l51.o
LOAD ./Drivers/Components/cs43l22/cs43l22.o
LOAD ./Drivers/Components/cy8c4014lqi/cy8c4014lqi.o
LOAD ./Drivers/Components/ft3x67/ft3x67.o
LOAD ./Drivers/Components/ft5336/ft5336.o
LOAD ./Drivers/Components/ft6x06/ft6x06.o
LOAD ./Drivers/Components/hts221/hts221.o
LOAD ./Drivers/Components/hx8347g/hx8347g.o
LOAD ./Drivers/Components/hx8347i/hx8347i.o
LOAD ./Drivers/Components/l3gd20/l3gd20.o
LOAD ./Drivers/Components/lis3mdl/lis3mdl.o
LOAD ./Drivers/Components/lps22hb/lps22hb.o
LOAD ./Drivers/Components/ls016b8uy/ls016b8uy.o
LOAD ./Drivers/Components/lsm303c/lsm303c.o
LOAD ./Drivers/Components/lsm303dlhc/lsm303dlhc.o
LOAD ./Drivers/Components/lsm6dsl/lsm6dsl.o
LOAD ./Drivers/Components/m24sr/m24sr.o
LOAD ./Drivers/Components/mfxstm32l152/mfxstm32l152.o
LOAD ./Drivers/Components/ov9655/ov9655.o
LOAD ./Drivers/Components/st25dv/st25dv.o
LOAD ./Drivers/Components/st25dv/st25dv_reg.o
LOAD ./Drivers/Components/st7735/st7735.o
LOAD ./Drivers/Components/st7789h2/st7789h2.o
LOAD ./Drivers/Components/stmpe1600/stmpe1600.o
LOAD ./Drivers/Components/stmpe811/stmpe811.o
LOAD ./Drivers/Components/wm8994/wm8994.o
LOAD ./Drivers/STM32L4xx_HAL_Driver/Src/stm32l4xx_hal.o
LOAD ./Drivers/STM32L4xx_HAL_Driver/Src/stm32l4xx_hal_cortex.o
LOAD ./Drivers/STM32L4xx_HAL_Driver/Src/stm32l4xx_hal_dac.o
LOAD ./Drivers/STM32L4xx_HAL_Driver/Src/stm32l4xx_hal_dac_ex.o
LOAD ./Drivers/STM32L4xx_HAL_Driver/Src/stm32l4xx_hal_dma.o
LOAD ./Drivers/STM32L4xx_HAL_Driver/Src/stm32l4xx_hal_dma_ex.o
LOAD ./Drivers/STM32L4xx_HAL_Driver/Src/stm32l4xx_hal_exti.o
LOAD ./Drivers/STM32L4xx_HAL_Driver/Src/stm32l4xx_hal_flash.o
LOAD ./Drivers/STM32L4xx_HAL_Driver/Src/stm32l4xx_hal_flash_ex.o
LOAD ./Drivers/STM32L4xx_HAL_Driver/Src/stm32l4xx_hal_flash_ramfunc.o
LOAD ./Drivers/STM32L4xx_HAL_Driver/Src/stm32l4xx_hal_gpio.o
LOAD ./Drivers/STM32L4xx_HAL_Driver/Src/stm32l4xx_hal_i2c.o
LOAD ./Drivers/STM32L4xx_HAL_Driver/Src/stm32l4xx_hal_i2c_ex.o
LOAD ./Drivers/STM32L4xx_HAL_Driver/Src/stm32l4xx_hal_pwr.o
LOAD ./Drivers/STM32L4xx_HAL_Driver/Src/stm32l4xx_hal_pwr_ex.o
LOAD ./Drivers/STM32L4xx_HAL_Driver/Src/stm32l4xx_hal_rcc.o
LOAD ./Drivers/STM32L4xx_HAL_Driver/Src/stm32l4xx_hal_rcc_ex.o
LOAD ./Drivers/STM32L4xx_HAL_Driver/Src/stm32l4xx_hal_tim.o
LOAD ./Drivers/STM32L4xx_HAL_Driver/Src/stm32l4xx_hal_tim_ex.o
LOAD ./Drivers/STM32L4xx_HAL_Driver/Src/stm32l4xx_hal_uart.o
LOAD ./Drivers/STM32L4xx_HAL_Driver/Src/stm32l4xx_hal_uart_ex.o
LOAD /Users/sachalevy/STM32CubeIDE/workspace_1.8.0/Final/Core/Lib/libarm_cortexM4lf_math.a
START GROUP
LOAD /Applications/STM32CubeIDE.app/Contents/Eclipse/plugins/com.st.stm32cube.ide.mcu.externaltools.gnu-tools-for-stm32.9-2020-q2-update.macos64_2.0.0.202105311346/tools/bin/../lib/gcc/arm-none-eabi/9.3.1/../../../../arm-none-eabi/lib/thumb/v7e-m+fp/hard/libc_nano.a
LOAD /Applications/STM32CubeIDE.app/Contents/Eclipse/plugins/com.st.stm32cube.ide.mcu.externaltools.gnu-tools-for-stm32.9-2020-q2-update.macos64_2.0.0.202105311346/tools/bin/../lib/gcc/arm-none-eabi/9.3.1/../../../../arm-none-eabi/lib/thumb/v7e-m+fp/hard/libm.a
END GROUP
START GROUP
LOAD /Applications/STM32CubeIDE.app/Contents/Eclipse/plugins/com.st.stm32cube.ide.mcu.externaltools.gnu-tools-for-stm32.9-2020-q2-update.macos64_2.0.0.202105311346/tools/bin/../lib/gcc/arm-none-eabi/9.3.1/thumb/v7e-m+fp/hard/libgcc.a
LOAD /Applications/STM32CubeIDE.app/Contents/Eclipse/plugins/com.st.stm32cube.ide.mcu.externaltools.gnu-tools-for-stm32.9-2020-q2-update.macos64_2.0.0.202105311346/tools/bin/../lib/gcc/arm-none-eabi/9.3.1/../../../../arm-none-eabi/lib/thumb/v7e-m+fp/hard/libc_nano.a
END GROUP
START GROUP
LOAD /Applications/STM32CubeIDE.app/Contents/Eclipse/plugins/com.st.stm32cube.ide.mcu.externaltools.gnu-tools-for-stm32.9-2020-q2-update.macos64_2.0.0.202105311346/tools/bin/../lib/gcc/arm-none-eabi/9.3.1/thumb/v7e-m+fp/hard/libgcc.a
LOAD /Applications/STM32CubeIDE.app/Contents/Eclipse/plugins/com.st.stm32cube.ide.mcu.externaltools.gnu-tools-for-stm32.9-2020-q2-update.macos64_2.0.0.202105311346/tools/bin/../lib/gcc/arm-none-eabi/9.3.1/../../../../arm-none-eabi/lib/thumb/v7e-m+fp/hard/libc_nano.a
LOAD /Applications/STM32CubeIDE.app/Contents/Eclipse/plugins/com.st.stm32cube.ide.mcu.externaltools.gnu-tools-for-stm32.9-2020-q2-update.macos64_2.0.0.202105311346/tools/bin/../lib/gcc/arm-none-eabi/9.3.1/../../../../arm-none-eabi/lib/thumb/v7e-m+fp/hard/libnosys.a
END GROUP
START GROUP
LOAD /Applications/STM32CubeIDE.app/Contents/Eclipse/plugins/com.st.stm32cube.ide.mcu.externaltools.gnu-tools-for-stm32.9-2020-q2-update.macos64_2.0.0.202105311346/tools/bin/../lib/gcc/arm-none-eabi/9.3.1/thumb/v7e-m+fp/hard/libgcc.a
LOAD /Applications/STM32CubeIDE.app/Contents/Eclipse/plugins/com.st.stm32cube.ide.mcu.externaltools.gnu-tools-for-stm32.9-2020-q2-update.macos64_2.0.0.202105311346/tools/bin/../lib/gcc/arm-none-eabi/9.3.1/../../../../arm-none-eabi/lib/thumb/v7e-m+fp/hard/libc_nano.a
LOAD /Applications/STM32CubeIDE.app/Contents/Eclipse/plugins/com.st.stm32cube.ide.mcu.externaltools.gnu-tools-for-stm32.9-2020-q2-update.macos64_2.0.0.202105311346/tools/bin/../lib/gcc/arm-none-eabi/9.3.1/../../../../arm-none-eabi/lib/thumb/v7e-m+fp/hard/libnosys.a
END GROUP
LOAD /Applications/STM32CubeIDE.app/Contents/Eclipse/plugins/com.st.stm32cube.ide.mcu.externaltools.gnu-tools-for-stm32.9-2020-q2-update.macos64_2.0.0.202105311346/tools/bin/../lib/gcc/arm-none-eabi/9.3.1/thumb/v7e-m+fp/hard/crtend.o
LOAD /Applications/STM32CubeIDE.app/Contents/Eclipse/plugins/com.st.stm32cube.ide.mcu.externaltools.gnu-tools-for-stm32.9-2020-q2-update.macos64_2.0.0.202105311346/tools/bin/../lib/gcc/arm-none-eabi/9.3.1/thumb/v7e-m+fp/hard/crtn.o
                0x0000000020018000                _estack = (ORIGIN (RAM) + LENGTH (RAM))
                0x0000000000000200                _Min_Heap_Size = 0x200
                0x0000000000000400                _Min_Stack_Size = 0x400

.isr_vector     0x0000000008000000      0x188
                0x0000000008000000                . = ALIGN (0x4)
 *(.isr_vector)
 .isr_vector    0x0000000008000000      0x188 ./Core/Startup/startup_stm32l475vgtx.o
                0x0000000008000000                g_pfnVectors
                0x0000000008000188                . = ALIGN (0x4)

.text           0x0000000008000190     0x6018
                0x0000000008000190                . = ALIGN (0x4)
 *(.text)
 .text          0x0000000008000190       0x40 /Applications/STM32CubeIDE.app/Contents/Eclipse/plugins/com.st.stm32cube.ide.mcu.externaltools.gnu-tools-for-stm32.9-2020-q2-update.macos64_2.0.0.202105311346/tools/bin/../lib/gcc/arm-none-eabi/9.3.1/thumb/v7e-m+fp/hard/crtbegin.o
 .text          0x00000000080001d0       0x10 /Applications/STM32CubeIDE.app/Contents/Eclipse/plugins/com.st.stm32cube.ide.mcu.externaltools.gnu-tools-for-stm32.9-2020-q2-update.macos64_2.0.0.202105311346/tools/bin/../lib/gcc/arm-none-eabi/9.3.1/../../../../arm-none-eabi/lib/thumb/v7e-m+fp/hard/libc_nano.a(lib_a-strlen.o)
                0x00000000080001d0                strlen
 .text          0x00000000080001e0       0xa0 /Applications/STM32CubeIDE.app/Contents/Eclipse/plugins/com.st.stm32cube.ide.mcu.externaltools.gnu-tools-for-stm32.9-2020-q2-update.macos64_2.0.0.202105311346/tools/bin/../lib/gcc/arm-none-eabi/9.3.1/../../../../arm-none-eabi/lib/thumb/v7e-m+fp/hard/libc_nano.a(lib_a-memchr.o)
                0x00000000080001e0                memchr
 .text          0x0000000008000280      0x378 /Applications/STM32CubeIDE.app/Contents/Eclipse/plugins/com.st.stm32cube.ide.mcu.externaltools.gnu-tools-for-stm32.9-2020-q2-update.macos64_2.0.0.202105311346/tools/bin/../lib/gcc/arm-none-eabi/9.3.1/thumb/v7e-m+fp/hard/libgcc.a(_arm_addsubdf3.o)
                0x0000000008000280                __aeabi_drsub
                0x0000000008000288                __subdf3
                0x0000000008000288                __aeabi_dsub
                0x000000000800028c                __aeabi_dadd
                0x000000000800028c                __adddf3
                0x0000000008000504                __aeabi_ui2d
                0x0000000008000504                __floatunsidf
                0x0000000008000524                __floatsidf
                0x0000000008000524                __aeabi_i2d
                0x0000000008000548                __extendsfdf2
                0x0000000008000548                __aeabi_f2d
                0x000000000800058c                __aeabi_ul2d
                0x000000000800058c                __floatundidf
                0x000000000800059c                __aeabi_l2d
                0x000000000800059c                __floatdidf
 .text          0x00000000080005f8      0x424 /Applications/STM32CubeIDE.app/Contents/Eclipse/plugins/com.st.stm32cube.ide.mcu.externaltools.gnu-tools-for-stm32.9-2020-q2-update.macos64_2.0.0.202105311346/tools/bin/../lib/gcc/arm-none-eabi/9.3.1/thumb/v7e-m+fp/hard/libgcc.a(_arm_muldivdf3.o)
                0x00000000080005f8                __aeabi_dmul
                0x00000000080005f8                __muldf3
                0x000000000800084c                __aeabi_ddiv
                0x000000000800084c                __divdf3
 .text          0x0000000008000a1c       0xa0 /Applications/STM32CubeIDE.app/Contents/Eclipse/plugins/com.st.stm32cube.ide.mcu.externaltools.gnu-tools-for-stm32.9-2020-q2-update.macos64_2.0.0.202105311346/tools/bin/../lib/gcc/arm-none-eabi/9.3.1/thumb/v7e-m+fp/hard/libgcc.a(_arm_truncdfsf2.o)
                0x0000000008000a1c                __aeabi_d2f
                0x0000000008000a1c                __truncdfsf2
 .text          0x0000000008000abc       0x30 /Applications/STM32CubeIDE.app/Contents/Eclipse/plugins/com.st.stm32cube.ide.mcu.externaltools.gnu-tools-for-stm32.9-2020-q2-update.macos64_2.0.0.202105311346/tools/bin/../lib/gcc/arm-none-eabi/9.3.1/thumb/v7e-m+fp/hard/libgcc.a(_aeabi_uldivmod.o)
                0x0000000008000abc                __aeabi_uldivmod
 .text          0x0000000008000aec      0x2c4 /Applications/STM32CubeIDE.app/Contents/Eclipse/plugins/com.st.stm32cube.ide.mcu.externaltools.gnu-tools-for-stm32.9-2020-q2-update.macos64_2.0.0.202105311346/tools/bin/../lib/gcc/arm-none-eabi/9.3.1/thumb/v7e-m+fp/hard/libgcc.a(_udivmoddi4.o)
                0x0000000008000aec                __udivmoddi4
 .text          0x0000000008000db0        0x4 /Applications/STM32CubeIDE.app/Contents/Eclipse/plugins/com.st.stm32cube.ide.mcu.externaltools.gnu-tools-for-stm32.9-2020-q2-update.macos64_2.0.0.202105311346/tools/bin/../lib/gcc/arm-none-eabi/9.3.1/thumb/v7e-m+fp/hard/libgcc.a(_dvmd_tls.o)
                0x0000000008000db0                __aeabi_ldiv0
                0x0000000008000db0                __aeabi_idiv0
 *(.text*)
 .text.HAL_GPIO_EXTI_Callback
                0x0000000008000db4       0x70 ./Core/Src/main.o
                0x0000000008000db4                HAL_GPIO_EXTI_Callback
 .text.StartTransmitHumidity
                0x0000000008000e24       0x54 ./Core/Src/main.o
                0x0000000008000e24                StartTransmitHumidity
 .text.StartTransmitAcceleration
                0x0000000008000e78       0x94 ./Core/Src/main.o
                0x0000000008000e78                StartTransmitAcceleration
 .text.StartReadHumidity
                0x0000000008000f0c       0x28 ./Core/Src/main.o
                0x0000000008000f0c                StartReadHumidity
 *fill*         0x0000000008000f34        0x4 
 .text.readHumidity
                0x0000000008000f38      0x140 ./Core/Src/main.o
                0x0000000008000f38                readHumidity
 .text.shake    0x0000000008001078       0xcc ./Core/Src/main.o
                0x0000000008001078                shake
 *fill*         0x0000000008001144        0x4 
 .text.checkShaken
                0x0000000008001148      0x1d8 ./Core/Src/main.o
                0x0000000008001148                checkShaken
 .text.main     0x0000000008001320      0x384 ./Core/Src/main.o
                0x0000000008001320                main
 .text.MX_DAC1_Init
                0x00000000080016a4       0x64 ./Core/Src/main.o
 .text.MX_I2C2_Init
                0x0000000008001708       0x80 ./Core/Src/main.o
 .text.MX_USART1_UART_Init
                0x0000000008001788       0x60 ./Core/Src/main.o
 .text.MX_GPIO_Init
                0x00000000080017e8       0x9c ./Core/Src/main.o
 .text.Error_Handler
                0x0000000008001884        0xa ./Core/Src/main.o
                0x0000000008001884                Error_Handler
 *fill*         0x000000000800188e        0x2 
 .text.I2Cx_MspInit
                0x0000000008001890       0xb0 ./Core/Src/stm32l4s5i_iot01.o
 .text.I2Cx_Init
                0x0000000008001940       0x5c ./Core/Src/stm32l4s5i_iot01.o
 .text.I2Cx_ReadMultiple
                0x000000000800199c       0x5a ./Core/Src/stm32l4s5i_iot01.o
 .text.I2Cx_WriteMultiple
                0x00000000080019f6       0x5a ./Core/Src/stm32l4s5i_iot01.o
 .text.I2Cx_Error
                0x0000000008001a50       0x20 ./Core/Src/stm32l4s5i_iot01.o
 .text.SENSOR_IO_Init
                0x0000000008001a70       0x14 ./Core/Src/stm32l4s5i_iot01.o
                0x0000000008001a70                SENSOR_IO_Init
 .text.SENSOR_IO_Write
                0x0000000008001a84       0x34 ./Core/Src/stm32l4s5i_iot01.o
                0x0000000008001a84                SENSOR_IO_Write
 .text.SENSOR_IO_Read
                0x0000000008001ab8       0x3c ./Core/Src/stm32l4s5i_iot01.o
                0x0000000008001ab8                SENSOR_IO_Read
 .text.SENSOR_IO_ReadMultiple
                0x0000000008001af4       0x3c ./Core/Src/stm32l4s5i_iot01.o
                0x0000000008001af4                SENSOR_IO_ReadMultiple
 .text.BSP_ACCELERO_Init
                0x0000000008001b30       0x7c ./Core/Src/stm32l4s5i_iot01_accelero.o
                0x0000000008001b30                BSP_ACCELERO_Init
 .text.BSP_ACCELERO_AccGetXYZ
                0x0000000008001bac       0x30 ./Core/Src/stm32l4s5i_iot01_accelero.o
                0x0000000008001bac                BSP_ACCELERO_AccGetXYZ
 .text.BSP_HSENSOR_Init
                0x0000000008001bdc       0x40 ./Core/Src/stm32l4s5i_iot01_hsensor.o
                0x0000000008001bdc                BSP_HSENSOR_Init
 .text.BSP_HSENSOR_ReadHumidity
                0x0000000008001c1c       0x1c ./Core/Src/stm32l4s5i_iot01_hsensor.o
                0x0000000008001c1c                BSP_HSENSOR_ReadHumidity
 .text.HAL_MspInit
                0x0000000008001c38       0x48 ./Core/Src/stm32l4xx_hal_msp.o
                0x0000000008001c38                HAL_MspInit
 .text.HAL_DAC_MspInit
                0x0000000008001c80       0x7c ./Core/Src/stm32l4xx_hal_msp.o
                0x0000000008001c80                HAL_DAC_MspInit
 .text.HAL_I2C_MspInit
                0x0000000008001cfc       0xbc ./Core/Src/stm32l4xx_hal_msp.o
                0x0000000008001cfc                HAL_I2C_MspInit
 .text.HAL_I2C_MspDeInit
                0x0000000008001db8       0x48 ./Core/Src/stm32l4xx_hal_msp.o
                0x0000000008001db8                HAL_I2C_MspDeInit
 .text.HAL_UART_MspInit
                0x0000000008001e00       0xbc ./Core/Src/stm32l4xx_hal_msp.o
                0x0000000008001e00                HAL_UART_MspInit
 .text.NMI_Handler
                0x0000000008001ebc        0x6 ./Core/Src/stm32l4xx_it.o
                0x0000000008001ebc                NMI_Handler
 .text.HardFault_Handler
                0x0000000008001ec2        0x6 ./Core/Src/stm32l4xx_it.o
                0x0000000008001ec2                HardFault_Handler
 .text.MemManage_Handler
                0x0000000008001ec8        0x6 ./Core/Src/stm32l4xx_it.o
                0x0000000008001ec8                MemManage_Handler
 .text.BusFault_Handler
                0x0000000008001ece        0x6 ./Core/Src/stm32l4xx_it.o
                0x0000000008001ece                BusFault_Handler
 .text.UsageFault_Handler
                0x0000000008001ed4        0x6 ./Core/Src/stm32l4xx_it.o
                0x0000000008001ed4                UsageFault_Handler
 .text.SVC_Handler
                0x0000000008001eda        0xe ./Core/Src/stm32l4xx_it.o
                0x0000000008001eda                SVC_Handler
 .text.DebugMon_Handler
                0x0000000008001ee8        0xe ./Core/Src/stm32l4xx_it.o
                0x0000000008001ee8                DebugMon_Handler
 .text.PendSV_Handler
                0x0000000008001ef6        0xe ./Core/Src/stm32l4xx_it.o
                0x0000000008001ef6                PendSV_Handler
 .text.SysTick_Handler
                0x0000000008001f04        0xc ./Core/Src/stm32l4xx_it.o
                0x0000000008001f04                SysTick_Handler
 .text.EXTI15_10_IRQHandler
                0x0000000008001f10       0x10 ./Core/Src/stm32l4xx_it.o
                0x0000000008001f10                EXTI15_10_IRQHandler
 .text._sbrk    0x0000000008001f20       0x6c ./Core/Src/sysmem.o
                0x0000000008001f20                _sbrk
 .text.SystemInit
                0x0000000008001f8c       0x24 ./Core/Src/system_stm32l4xx.o
                0x0000000008001f8c                SystemInit
 .text.Reset_Handler
                0x0000000008001fb0       0x50 ./Core/Startup/startup_stm32l475vgtx.o
                0x0000000008001fb0                Reset_Handler
 .text.Default_Handler
                0x0000000008002000        0x2 ./Core/Startup/startup_stm32l475vgtx.o
                0x0000000008002000                TIM1_BRK_TIM15_IRQHandler
                0x0000000008002000                EXTI2_IRQHandler
                0x0000000008002000                TIM8_TRG_COM_IRQHandler
                0x0000000008002000                TIM8_CC_IRQHandler
                0x0000000008002000                TIM1_CC_IRQHandler
                0x0000000008002000                TSC_IRQHandler
                0x0000000008002000                TAMP_STAMP_IRQHandler
                0x0000000008002000                EXTI3_IRQHandler
                0x0000000008002000                LPTIM2_IRQHandler
                0x0000000008002000                DFSDM1_FLT1_IRQHandler
                0x0000000008002000                I2C3_ER_IRQHandler
                0x0000000008002000                DFSDM1_FLT2_IRQHandler
                0x0000000008002000                EXTI0_IRQHandler
                0x0000000008002000                I2C2_EV_IRQHandler
                0x0000000008002000                CAN1_RX0_IRQHandler
                0x0000000008002000                FPU_IRQHandler
                0x0000000008002000                TIM1_UP_TIM16_IRQHandler
                0x0000000008002000                ADC1_2_IRQHandler
                0x0000000008002000                SPI1_IRQHandler
                0x0000000008002000                TIM6_DAC_IRQHandler
                0x0000000008002000                TIM8_UP_IRQHandler
                0x0000000008002000                DMA2_Channel2_IRQHandler
                0x0000000008002000                DMA1_Channel4_IRQHandler
                0x0000000008002000                SAI2_IRQHandler
                0x0000000008002000                DFSDM1_FLT3_IRQHandler
                0x0000000008002000                USART3_IRQHandler
                0x0000000008002000                DMA1_Channel7_IRQHandler
                0x0000000008002000                CAN1_RX1_IRQHandler
                0x0000000008002000                UART5_IRQHandler
                0x0000000008002000                ADC3_IRQHandler
                0x0000000008002000                TIM4_IRQHandler
                0x0000000008002000                DMA2_Channel1_IRQHandler
                0x0000000008002000                QUADSPI_IRQHandler
                0x0000000008002000                I2C1_EV_IRQHandler
                0x0000000008002000                DMA1_Channel6_IRQHandler
                0x0000000008002000                UART4_IRQHandler
                0x0000000008002000                DMA2_Channel4_IRQHandler
                0x0000000008002000                TIM3_IRQHandler
                0x0000000008002000                RCC_IRQHandler
                0x0000000008002000                DMA1_Channel1_IRQHandler
                0x0000000008002000                Default_Handler
                0x0000000008002000                DMA2_Channel7_IRQHandler
                0x0000000008002000                TIM7_IRQHandler
                0x0000000008002000                SDMMC1_IRQHandler
                0x0000000008002000                TIM5_IRQHandler
                0x0000000008002000                I2C3_EV_IRQHandler
                0x0000000008002000                EXTI9_5_IRQHandler
                0x0000000008002000                RTC_WKUP_IRQHandler
                0x0000000008002000                PVD_PVM_IRQHandler
                0x0000000008002000                SPI2_IRQHandler
                0x0000000008002000                CAN1_TX_IRQHandler
                0x0000000008002000                DMA2_Channel5_IRQHandler
                0x0000000008002000                DMA1_Channel5_IRQHandler
                0x0000000008002000                EXTI4_IRQHandler
                0x0000000008002000                RNG_IRQHandler
                0x0000000008002000                TIM1_TRG_COM_TIM17_IRQHandler
                0x0000000008002000                DMA1_Channel3_IRQHandler
                0x0000000008002000                COMP_IRQHandler
                0x0000000008002000                WWDG_IRQHandler
                0x0000000008002000                LPUART1_IRQHandler
                0x0000000008002000                DMA2_Channel6_IRQHandler
                0x0000000008002000                TIM2_IRQHandler
                0x0000000008002000                EXTI1_IRQHandler
                0x0000000008002000                USART2_IRQHandler
                0x0000000008002000                DFSDM1_FLT0_IRQHandler
                0x0000000008002000                I2C2_ER_IRQHandler
                0x0000000008002000                DMA1_Channel2_IRQHandler
                0x0000000008002000                TIM8_BRK_IRQHandler
                0x0000000008002000                CAN1_SCE_IRQHandler
                0x0000000008002000                FLASH_IRQHandler
                0x0000000008002000                USART1_IRQHandler
                0x0000000008002000                OTG_FS_IRQHandler
                0x0000000008002000                SPI3_IRQHandler
                0x0000000008002000                I2C1_ER_IRQHandler
                0x0000000008002000                FMC_IRQHandler
                0x0000000008002000                SWPMI1_IRQHandler
                0x0000000008002000                LPTIM1_IRQHandler
                0x0000000008002000                SAI1_IRQHandler
                0x0000000008002000                DMA2_Channel3_IRQHandler
                0x0000000008002000                RTC_Alarm_IRQHandler
 .text.HTS221_H_Init
                0x0000000008002002       0x58 ./Drivers/Components/hts221/hts221.o
                0x0000000008002002                HTS221_H_Init
 .text.HTS221_H_ReadID
                0x000000000800205a       0x2c ./Drivers/Components/hts221/hts221.o
                0x000000000800205a                HTS221_H_ReadID
 *fill*         0x0000000008002086        0x2 
 .text.HTS221_H_ReadHumidity
                0x0000000008002088      0x138 ./Drivers/Components/hts221/hts221.o
                0x0000000008002088                HTS221_H_ReadHumidity
 .text.LSM6DSL_AccInit
                0x00000000080021c0       0x72 ./Drivers/Components/lsm6dsl/lsm6dsl.o
                0x00000000080021c0                LSM6DSL_AccInit
 .text.LSM6DSL_AccDeInit
                0x0000000008002232       0x32 ./Drivers/Components/lsm6dsl/lsm6dsl.o
                0x0000000008002232                LSM6DSL_AccDeInit
 .text.LSM6DSL_AccReadID
                0x0000000008002264       0x16 ./Drivers/Components/lsm6dsl/lsm6dsl.o
                0x0000000008002264                LSM6DSL_AccReadID
 .text.LSM6DSL_AccLowPower
                0x000000000800227a       0x44 ./Drivers/Components/lsm6dsl/lsm6dsl.o
                0x000000000800227a                LSM6DSL_AccLowPower
 *fill*         0x00000000080022be        0x2 
 .text.LSM6DSL_AccReadXYZ
                0x00000000080022c0      0x138 ./Drivers/Components/lsm6dsl/lsm6dsl.o
                0x00000000080022c0                LSM6DSL_AccReadXYZ
 .text.HAL_Init
                0x00000000080023f8       0x30 ./Drivers/STM32L4xx_HAL_Driver/Src/stm32l4xx_hal.o
                0x00000000080023f8                HAL_Init
 .text.HAL_InitTick
                0x0000000008002428       0x78 ./Drivers/STM32L4xx_HAL_Driver/Src/stm32l4xx_hal.o
                0x0000000008002428                HAL_InitTick
 .text.HAL_IncTick
                0x00000000080024a0       0x28 ./Drivers/STM32L4xx_HAL_Driver/Src/stm32l4xx_hal.o
                0x00000000080024a0                HAL_IncTick
 .text.HAL_GetTick
                0x00000000080024c8       0x18 ./Drivers/STM32L4xx_HAL_Driver/Src/stm32l4xx_hal.o
                0x00000000080024c8                HAL_GetTick
 .text.HAL_Delay
                0x00000000080024e0       0x48 ./Drivers/STM32L4xx_HAL_Driver/Src/stm32l4xx_hal.o
                0x00000000080024e0                HAL_Delay
 .text.HAL_SuspendTick
                0x0000000008002528       0x20 ./Drivers/STM32L4xx_HAL_Driver/Src/stm32l4xx_hal.o
                0x0000000008002528                HAL_SuspendTick
 .text.HAL_ResumeTick
                0x0000000008002548       0x20 ./Drivers/STM32L4xx_HAL_Driver/Src/stm32l4xx_hal.o
                0x0000000008002548                HAL_ResumeTick
 .text.__NVIC_SetPriorityGrouping
                0x0000000008002568       0x48 ./Drivers/STM32L4xx_HAL_Driver/Src/stm32l4xx_hal_cortex.o
 .text.__NVIC_GetPriorityGrouping
                0x00000000080025b0       0x1c ./Drivers/STM32L4xx_HAL_Driver/Src/stm32l4xx_hal_cortex.o
 .text.__NVIC_EnableIRQ
                0x00000000080025cc       0x3c ./Drivers/STM32L4xx_HAL_Driver/Src/stm32l4xx_hal_cortex.o
 .text.__NVIC_SetPriority
                0x0000000008002608       0x54 ./Drivers/STM32L4xx_HAL_Driver/Src/stm32l4xx_hal_cortex.o
 .text.NVIC_EncodePriority
                0x000000000800265c       0x66 ./Drivers/STM32L4xx_HAL_Driver/Src/stm32l4xx_hal_cortex.o
 *fill*         0x00000000080026c2        0x2 
 .text.SysTick_Config
                0x00000000080026c4       0x44 ./Drivers/STM32L4xx_HAL_Driver/Src/stm32l4xx_hal_cortex.o
 .text.HAL_NVIC_SetPriorityGrouping
                0x0000000008002708       0x16 ./Drivers/STM32L4xx_HAL_Driver/Src/stm32l4xx_hal_cortex.o
                0x0000000008002708                HAL_NVIC_SetPriorityGrouping
 .text.HAL_NVIC_SetPriority
                0x000000000800271e       0x38 ./Drivers/STM32L4xx_HAL_Driver/Src/stm32l4xx_hal_cortex.o
                0x000000000800271e                HAL_NVIC_SetPriority
 .text.HAL_NVIC_EnableIRQ
                0x0000000008002756       0x1c ./Drivers/STM32L4xx_HAL_Driver/Src/stm32l4xx_hal_cortex.o
                0x0000000008002756                HAL_NVIC_EnableIRQ
 .text.HAL_SYSTICK_Config
                0x0000000008002772       0x18 ./Drivers/STM32L4xx_HAL_Driver/Src/stm32l4xx_hal_cortex.o
                0x0000000008002772                HAL_SYSTICK_Config
 .text.HAL_DAC_Init
                0x000000000800278a       0x44 ./Drivers/STM32L4xx_HAL_Driver/Src/stm32l4xx_hal_dac.o
                0x000000000800278a                HAL_DAC_Init
 .text.HAL_DAC_Start
                0x00000000080027ce       0x9a ./Drivers/STM32L4xx_HAL_Driver/Src/stm32l4xx_hal_dac.o
                0x00000000080027ce                HAL_DAC_Start
 .text.HAL_DAC_SetValue
                0x0000000008002868       0x4a ./Drivers/STM32L4xx_HAL_Driver/Src/stm32l4xx_hal_dac.o
                0x0000000008002868                HAL_DAC_SetValue
 .text.HAL_DAC_ConfigChannel
                0x00000000080028b2      0x234 ./Drivers/STM32L4xx_HAL_Driver/Src/stm32l4xx_hal_dac.o
                0x00000000080028b2                HAL_DAC_ConfigChannel
 *fill*         0x0000000008002ae6        0x2 
 .text.HAL_GPIO_Init
                0x0000000008002ae8      0x354 ./Drivers/STM32L4xx_HAL_Driver/Src/stm32l4xx_hal_gpio.o
                0x0000000008002ae8                HAL_GPIO_Init
 .text.HAL_GPIO_DeInit
                0x0000000008002e3c      0x1e8 ./Drivers/STM32L4xx_HAL_Driver/Src/stm32l4xx_hal_gpio.o
                0x0000000008002e3c                HAL_GPIO_DeInit
 .text.HAL_GPIO_EXTI_IRQHandler
                0x0000000008003024       0x30 ./Drivers/STM32L4xx_HAL_Driver/Src/stm32l4xx_hal_gpio.o
                0x0000000008003024                HAL_GPIO_EXTI_IRQHandler
 .text.HAL_I2C_Init
                0x0000000008003054      0x11e ./Drivers/STM32L4xx_HAL_Driver/Src/stm32l4xx_hal_i2c.o
                0x0000000008003054                HAL_I2C_Init
 .text.HAL_I2C_DeInit
                0x0000000008003172       0x5e ./Drivers/STM32L4xx_HAL_Driver/Src/stm32l4xx_hal_i2c.o
                0x0000000008003172                HAL_I2C_DeInit
 .text.HAL_I2C_Mem_Write
                0x00000000080031d0      0x228 ./Drivers/STM32L4xx_HAL_Driver/Src/stm32l4xx_hal_i2c.o
                0x00000000080031d0                HAL_I2C_Mem_Write
 .text.HAL_I2C_Mem_Read
                0x00000000080033f8      0x234 ./Drivers/STM32L4xx_HAL_Driver/Src/stm32l4xx_hal_i2c.o
                0x00000000080033f8                HAL_I2C_Mem_Read
 .text.I2C_RequestMemoryWrite
                0x000000000800362c       0xa8 ./Drivers/STM32L4xx_HAL_Driver/Src/stm32l4xx_hal_i2c.o
 .text.I2C_RequestMemoryRead
                0x00000000080036d4       0xa8 ./Drivers/STM32L4xx_HAL_Driver/Src/stm32l4xx_hal_i2c.o
 .text.I2C_Flush_TXDR
                0x000000000800377c       0x48 ./Drivers/STM32L4xx_HAL_Driver/Src/stm32l4xx_hal_i2c.o
 .text.I2C_WaitOnFlagUntilTimeout
                0x00000000080037c4       0x80 ./Drivers/STM32L4xx_HAL_Driver/Src/stm32l4xx_hal_i2c.o
 .text.I2C_WaitOnTXISFlagUntilTimeout
                0x0000000008003844       0x80 ./Drivers/STM32L4xx_HAL_Driver/Src/stm32l4xx_hal_i2c.o
 .text.I2C_WaitOnSTOPFlagUntilTimeout
                0x00000000080038c4       0x78 ./Drivers/STM32L4xx_HAL_Driver/Src/stm32l4xx_hal_i2c.o
 .text.I2C_IsErrorOccurred
                0x000000000800393c      0x1d8 ./Drivers/STM32L4xx_HAL_Driver/Src/stm32l4xx_hal_i2c.o
 .text.I2C_TransferConfig
                0x0000000008003b14       0x64 ./Drivers/STM32L4xx_HAL_Driver/Src/stm32l4xx_hal_i2c.o
 .text.HAL_I2CEx_ConfigAnalogFilter
                0x0000000008003b78       0x96 ./Drivers/STM32L4xx_HAL_Driver/Src/stm32l4xx_hal_i2c_ex.o
                0x0000000008003b78                HAL_I2CEx_ConfigAnalogFilter
 .text.HAL_I2CEx_ConfigDigitalFilter
                0x0000000008003c0e       0x98 ./Drivers/STM32L4xx_HAL_Driver/Src/stm32l4xx_hal_i2c_ex.o
                0x0000000008003c0e                HAL_I2CEx_ConfigDigitalFilter
 *fill*         0x0000000008003ca6        0x2 
 .text.HAL_PWR_EnterSLEEPMode
                0x0000000008003ca8       0x68 ./Drivers/STM32L4xx_HAL_Driver/Src/stm32l4xx_hal_pwr.o
                0x0000000008003ca8                HAL_PWR_EnterSLEEPMode
 .text.HAL_PWR_EnableSleepOnExit
                0x0000000008003d10       0x20 ./Drivers/STM32L4xx_HAL_Driver/Src/stm32l4xx_hal_pwr.o
                0x0000000008003d10                HAL_PWR_EnableSleepOnExit
 .text.HAL_PWR_DisableSleepOnExit
                0x0000000008003d30       0x20 ./Drivers/STM32L4xx_HAL_Driver/Src/stm32l4xx_hal_pwr.o
                0x0000000008003d30                HAL_PWR_DisableSleepOnExit
 .text.HAL_PWREx_EnableLowPowerRunMode
                0x0000000008003d50       0x20 ./Drivers/STM32L4xx_HAL_Driver/Src/stm32l4xx_hal_pwr_ex.o
                0x0000000008003d50                HAL_PWREx_EnableLowPowerRunMode
 .text.HAL_PWREx_DisableLowPowerRunMode
                0x0000000008003d70       0x70 ./Drivers/STM32L4xx_HAL_Driver/Src/stm32l4xx_hal_pwr_ex.o
                0x0000000008003d70                HAL_PWREx_DisableLowPowerRunMode
 .text.HAL_RCC_GetSysClockFreq
                0x0000000008003de0      0x118 ./Drivers/STM32L4xx_HAL_Driver/Src/stm32l4xx_hal_rcc.o
                0x0000000008003de0                HAL_RCC_GetSysClockFreq
 .text.HAL_RCC_GetHCLKFreq
                0x0000000008003ef8       0x18 ./Drivers/STM32L4xx_HAL_Driver/Src/stm32l4xx_hal_rcc.o
                0x0000000008003ef8                HAL_RCC_GetHCLKFreq
 .text.HAL_RCC_GetPCLK1Freq
                0x0000000008003f10       0x2c ./Drivers/STM32L4xx_HAL_Driver/Src/stm32l4xx_hal_rcc.o
                0x0000000008003f10                HAL_RCC_GetPCLK1Freq
 .text.HAL_RCC_GetPCLK2Freq
                0x0000000008003f3c       0x2c ./Drivers/STM32L4xx_HAL_Driver/Src/stm32l4xx_hal_rcc.o
                0x0000000008003f3c                HAL_RCC_GetPCLK2Freq
 .text.HAL_RCCEx_PeriphCLKConfig
                0x0000000008003f68      0x5d4 ./Drivers/STM32L4xx_HAL_Driver/Src/stm32l4xx_hal_rcc_ex.o
                0x0000000008003f68                HAL_RCCEx_PeriphCLKConfig
 .text.RCCEx_PLLSAI1_Config
                0x000000000800453c      0x1e8 ./Drivers/STM32L4xx_HAL_Driver/Src/stm32l4xx_hal_rcc_ex.o
 .text.RCCEx_PLLSAI2_Config
                0x0000000008004724      0x1bc ./Drivers/STM32L4xx_HAL_Driver/Src/stm32l4xx_hal_rcc_ex.o
 .text.HAL_UART_Init
                0x00000000080048e0       0x9c ./Drivers/STM32L4xx_HAL_Driver/Src/stm32l4xx_hal_uart.o
                0x00000000080048e0                HAL_UART_Init
 .text.HAL_UART_Transmit
                0x000000000800497c      0x128 ./Drivers/STM32L4xx_HAL_Driver/Src/stm32l4xx_hal_uart.o
                0x000000000800497c                HAL_UART_Transmit
 .text.HAL_UART_Receive_IT
                0x0000000008004aa4       0xac ./Drivers/STM32L4xx_HAL_Driver/Src/stm32l4xx_hal_uart.o
                0x0000000008004aa4                HAL_UART_Receive_IT
 .text.HAL_UART_RxCpltCallback
                0x0000000008004b50       0x14 ./Drivers/STM32L4xx_HAL_Driver/Src/stm32l4xx_hal_uart.o
                0x0000000008004b50                HAL_UART_RxCpltCallback
 .text.HAL_UARTEx_RxEventCallback
                0x0000000008004b64       0x18 ./Drivers/STM32L4xx_HAL_Driver/Src/stm32l4xx_hal_uart.o
                0x0000000008004b64                HAL_UARTEx_RxEventCallback
 .text.UART_SetConfig
                0x0000000008004b7c      0x514 ./Drivers/STM32L4xx_HAL_Driver/Src/stm32l4xx_hal_uart.o
                0x0000000008004b7c                UART_SetConfig
 .text.UART_AdvFeatureConfig
                0x0000000008005090      0x144 ./Drivers/STM32L4xx_HAL_Driver/Src/stm32l4xx_hal_uart.o
                0x0000000008005090                UART_AdvFeatureConfig
 .text.UART_CheckIdleState
                0x00000000080051d4       0x92 ./Drivers/STM32L4xx_HAL_Driver/Src/stm32l4xx_hal_uart.o
                0x00000000080051d4                UART_CheckIdleState
 .text.UART_WaitOnFlagUntilTimeout
                0x0000000008005266      0x188 ./Drivers/STM32L4xx_HAL_Driver/Src/stm32l4xx_hal_uart.o
                0x0000000008005266                UART_WaitOnFlagUntilTimeout
 *fill*         0x00000000080053ee        0x2 
 .text.UART_Start_Receive_IT
                0x00000000080053f0      0x194 ./Drivers/STM32L4xx_HAL_Driver/Src/stm32l4xx_hal_uart.o
                0x00000000080053f0                UART_Start_Receive_IT
 .text.UART_RxISR_8BIT
                0x0000000008005584      0x160 ./Drivers/STM32L4xx_HAL_Driver/Src/stm32l4xx_hal_uart.o
 .text.UART_RxISR_16BIT
                0x00000000080056e4      0x160 ./Drivers/STM32L4xx_HAL_Driver/Src/stm32l4xx_hal_uart.o
 .text.arm_sin_f32
                0x0000000008005844       0x8c /Users/sachalevy/STM32CubeIDE/workspace_1.8.0/Final/Core/Lib/libarm_cortexM4lf_math.a(arm_sin_f32.o)
                0x0000000008005844                arm_sin_f32
 .text.__errno  0x00000000080058d0        0xc /Applications/STM32CubeIDE.app/Contents/Eclipse/plugins/com.st.stm32cube.ide.mcu.externaltools.gnu-tools-for-stm32.9-2020-q2-update.macos64_2.0.0.202105311346/tools/bin/../lib/gcc/arm-none-eabi/9.3.1/../../../../arm-none-eabi/lib/thumb/v7e-m+fp/hard/libc_nano.a(lib_a-errno.o)
                0x00000000080058d0                __errno
 .text.__libc_init_array
                0x00000000080058dc       0x48 /Applications/STM32CubeIDE.app/Contents/Eclipse/plugins/com.st.stm32cube.ide.mcu.externaltools.gnu-tools-for-stm32.9-2020-q2-update.macos64_2.0.0.202105311346/tools/bin/../lib/gcc/arm-none-eabi/9.3.1/../../../../arm-none-eabi/lib/thumb/v7e-m+fp/hard/libc_nano.a(lib_a-init.o)
                0x00000000080058dc                __libc_init_array
 .text.memcpy   0x0000000008005924       0x1c /Applications/STM32CubeIDE.app/Contents/Eclipse/plugins/com.st.stm32cube.ide.mcu.externaltools.gnu-tools-for-stm32.9-2020-q2-update.macos64_2.0.0.202105311346/tools/bin/../lib/gcc/arm-none-eabi/9.3.1/../../../../arm-none-eabi/lib/thumb/v7e-m+fp/hard/libc_nano.a(lib_a-memcpy-stub.o)
                0x0000000008005924                memcpy
 .text.memset   0x0000000008005940       0x10 /Applications/STM32CubeIDE.app/Contents/Eclipse/plugins/com.st.stm32cube.ide.mcu.externaltools.gnu-tools-for-stm32.9-2020-q2-update.macos64_2.0.0.202105311346/tools/bin/../lib/gcc/arm-none-eabi/9.3.1/../../../../arm-none-eabi/lib/thumb/v7e-m+fp/hard/libc_nano.a(lib_a-memset.o)
                0x0000000008005940                memset
 .text.sprintf  0x0000000008005950       0x40 /Applications/STM32CubeIDE.app/Contents/Eclipse/plugins/com.st.stm32cube.ide.mcu.externaltools.gnu-tools-for-stm32.9-2020-q2-update.macos64_2.0.0.202105311346/tools/bin/../lib/gcc/arm-none-eabi/9.3.1/../../../../arm-none-eabi/lib/thumb/v7e-m+fp/hard/libc_nano.a(lib_a-sprintf.o)
                0x0000000008005950                sprintf
                0x0000000008005950                siprintf
 .text.__ssputs_r
                0x0000000008005990       0xb6 /Applications/STM32CubeIDE.app/Contents/Eclipse/plugins/com.st.stm32cube.ide.mcu.externaltools.gnu-tools-for-stm32.9-2020-q2-update.macos64_2.0.0.202105311346/tools/bin/../lib/gcc/arm-none-eabi/9.3.1/../../../../arm-none-eabi/lib/thumb/v7e-m+fp/hard/libc_nano.a(lib_a-nano-svfprintf.o)
                0x0000000008005990                __ssputs_r
 *fill*         0x0000000008005a46        0x2 
 .text._svfprintf_r
                0x0000000008005a48      0x200 /Applications/STM32CubeIDE.app/Contents/Eclipse/plugins/com.st.stm32cube.ide.mcu.externaltools.gnu-tools-for-stm32.9-2020-q2-update.macos64_2.0.0.202105311346/tools/bin/../lib/gcc/arm-none-eabi/9.3.1/../../../../arm-none-eabi/lib/thumb/v7e-m+fp/hard/libc_nano.a(lib_a-nano-svfprintf.o)
                0x0000000008005a48                _svfprintf_r
                0x0000000008005a48                _svfiprintf_r
 .text._printf_common
                0x0000000008005c48       0xda /Applications/STM32CubeIDE.app/Contents/Eclipse/plugins/com.st.stm32cube.ide.mcu.externaltools.gnu-tools-for-stm32.9-2020-q2-update.macos64_2.0.0.202105311346/tools/bin/../lib/gcc/arm-none-eabi/9.3.1/../../../../arm-none-eabi/lib/thumb/v7e-m+fp/hard/libc_nano.a(lib_a-nano-vfprintf_i.o)
                0x0000000008005c48                _printf_common
 *fill*         0x0000000008005d22        0x2 
 .text._printf_i
                0x0000000008005d24      0x24c /Applications/STM32CubeIDE.app/Contents/Eclipse/plugins/com.st.stm32cube.ide.mcu.externaltools.gnu-tools-for-stm32.9-2020-q2-update.macos64_2.0.0.202105311346/tools/bin/../lib/gcc/arm-none-eabi/9.3.1/../../../../arm-none-eabi/lib/thumb/v7e-m+fp/hard/libc_nano.a(lib_a-nano-vfprintf_i.o)
                0x0000000008005d24                _printf_i
 .text.memmove  0x0000000008005f70       0x34 /Applications/STM32CubeIDE.app/Contents/Eclipse/plugins/com.st.stm32cube.ide.mcu.externaltools.gnu-tools-for-stm32.9-2020-q2-update.macos64_2.0.0.202105311346/tools/bin/../lib/gcc/arm-none-eabi/9.3.1/../../../../arm-none-eabi/lib/thumb/v7e-m+fp/hard/libc_nano.a(lib_a-memmove.o)
                0x0000000008005f70                memmove
 .text._free_r  0x0000000008005fa4       0xa0 /Applications/STM32CubeIDE.app/Contents/Eclipse/plugins/com.st.stm32cube.ide.mcu.externaltools.gnu-tools-for-stm32.9-2020-q2-update.macos64_2.0.0.202105311346/tools/bin/../lib/gcc/arm-none-eabi/9.3.1/../../../../arm-none-eabi/lib/thumb/v7e-m+fp/hard/libc_nano.a(lib_a-nano-freer.o)
                0x0000000008005fa4                _free_r
 .text._malloc_r
                0x0000000008006044       0xb4 /Applications/STM32CubeIDE.app/Contents/Eclipse/plugins/com.st.stm32cube.ide.mcu.externaltools.gnu-tools-for-stm32.9-2020-q2-update.macos64_2.0.0.202105311346/tools/bin/../lib/gcc/arm-none-eabi/9.3.1/../../../../arm-none-eabi/lib/thumb/v7e-m+fp/hard/libc_nano.a(lib_a-nano-mallocr.o)
                0x0000000008006044                _malloc_r
 .text._realloc_r
                0x00000000080060f8       0x4c /Applications/STM32CubeIDE.app/Contents/Eclipse/plugins/com.st.stm32cube.ide.mcu.externaltools.gnu-tools-for-stm32.9-2020-q2-update.macos64_2.0.0.202105311346/tools/bin/../lib/gcc/arm-none-eabi/9.3.1/../../../../arm-none-eabi/lib/thumb/v7e-m+fp/hard/libc_nano.a(lib_a-nano-reallocr.o)
                0x00000000080060f8                _realloc_r
 .text._sbrk_r  0x0000000008006144       0x20 /Applications/STM32CubeIDE.app/Contents/Eclipse/plugins/com.st.stm32cube.ide.mcu.externaltools.gnu-tools-for-stm32.9-2020-q2-update.macos64_2.0.0.202105311346/tools/bin/../lib/gcc/arm-none-eabi/9.3.1/../../../../arm-none-eabi/lib/thumb/v7e-m+fp/hard/libc_nano.a(lib_a-sbrkr.o)
                0x0000000008006144                _sbrk_r
 .text.__malloc_lock
                0x0000000008006164        0xc /Applications/STM32CubeIDE.app/Contents/Eclipse/plugins/com.st.stm32cube.ide.mcu.externaltools.gnu-tools-for-stm32.9-2020-q2-update.macos64_2.0.0.202105311346/tools/bin/../lib/gcc/arm-none-eabi/9.3.1/../../../../arm-none-eabi/lib/thumb/v7e-m+fp/hard/libc_nano.a(lib_a-mlock.o)
                0x0000000008006164                __malloc_lock
 .text.__malloc_unlock
                0x0000000008006170        0xc /Applications/STM32CubeIDE.app/Contents/Eclipse/plugins/com.st.stm32cube.ide.mcu.externaltools.gnu-tools-for-stm32.9-2020-q2-update.macos64_2.0.0.202105311346/tools/bin/../lib/gcc/arm-none-eabi/9.3.1/../../../../arm-none-eabi/lib/thumb/v7e-m+fp/hard/libc_nano.a(lib_a-mlock.o)
                0x0000000008006170                __malloc_unlock
 .text._malloc_usable_size_r
                0x000000000800617c       0x10 /Applications/STM32CubeIDE.app/Contents/Eclipse/plugins/com.st.stm32cube.ide.mcu.externaltools.gnu-tools-for-stm32.9-2020-q2-update.macos64_2.0.0.202105311346/tools/bin/../lib/gcc/arm-none-eabi/9.3.1/../../../../arm-none-eabi/lib/thumb/v7e-m+fp/hard/libc_nano.a(lib_a-nano-msizer.o)
                0x000000000800617c                _malloc_usable_size_r
 .text.__retarget_lock_acquire_recursive
                0x000000000800618c        0x2 /Applications/STM32CubeIDE.app/Contents/Eclipse/plugins/com.st.stm32cube.ide.mcu.externaltools.gnu-tools-for-stm32.9-2020-q2-update.macos64_2.0.0.202105311346/tools/bin/../lib/gcc/arm-none-eabi/9.3.1/../../../../arm-none-eabi/lib/thumb/v7e-m+fp/hard/libc_nano.a(lib_a-lock.o)
                0x000000000800618c                __retarget_lock_acquire_recursive
 .text.__retarget_lock_release_recursive
                0x000000000800618e        0x2 /Applications/STM32CubeIDE.app/Contents/Eclipse/plugins/com.st.stm32cube.ide.mcu.externaltools.gnu-tools-for-stm32.9-2020-q2-update.macos64_2.0.0.202105311346/tools/bin/../lib/gcc/arm-none-eabi/9.3.1/../../../../arm-none-eabi/lib/thumb/v7e-m+fp/hard/libc_nano.a(lib_a-lock.o)
                0x000000000800618e                __retarget_lock_release_recursive
 *(.glue_7)
 .glue_7        0x0000000008006190        0x0 linker stubs
 *(.glue_7t)
 .glue_7t       0x0000000008006190        0x0 linker stubs
 *(.eh_frame)
 .eh_frame      0x0000000008006190        0x0 /Applications/STM32CubeIDE.app/Contents/Eclipse/plugins/com.st.stm32cube.ide.mcu.externaltools.gnu-tools-for-stm32.9-2020-q2-update.macos64_2.0.0.202105311346/tools/bin/../lib/gcc/arm-none-eabi/9.3.1/thumb/v7e-m+fp/hard/crtbegin.o
 *(.init)
 .init          0x0000000008006190        0x4 /Applications/STM32CubeIDE.app/Contents/Eclipse/plugins/com.st.stm32cube.ide.mcu.externaltools.gnu-tools-for-stm32.9-2020-q2-update.macos64_2.0.0.202105311346/tools/bin/../lib/gcc/arm-none-eabi/9.3.1/thumb/v7e-m+fp/hard/crti.o
                0x0000000008006190                _init
 .init          0x0000000008006194        0x8 /Applications/STM32CubeIDE.app/Contents/Eclipse/plugins/com.st.stm32cube.ide.mcu.externaltools.gnu-tools-for-stm32.9-2020-q2-update.macos64_2.0.0.202105311346/tools/bin/../lib/gcc/arm-none-eabi/9.3.1/thumb/v7e-m+fp/hard/crtn.o
 *(.fini)
 .fini          0x000000000800619c        0x4 /Applications/STM32CubeIDE.app/Contents/Eclipse/plugins/com.st.stm32cube.ide.mcu.externaltools.gnu-tools-for-stm32.9-2020-q2-update.macos64_2.0.0.202105311346/tools/bin/../lib/gcc/arm-none-eabi/9.3.1/thumb/v7e-m+fp/hard/crti.o
                0x000000000800619c                _fini
 .fini          0x00000000080061a0        0x8 /Applications/STM32CubeIDE.app/Contents/Eclipse/plugins/com.st.stm32cube.ide.mcu.externaltools.gnu-tools-for-stm32.9-2020-q2-update.macos64_2.0.0.202105311346/tools/bin/../lib/gcc/arm-none-eabi/9.3.1/thumb/v7e-m+fp/hard/crtn.o
                0x00000000080061a8                . = ALIGN (0x4)
                0x00000000080061a8                _etext = .

.vfp11_veneer   0x00000000080061a8        0x0
 .vfp11_veneer  0x00000000080061a8        0x0 linker stubs

.v4_bx          0x00000000080061a8        0x0
 .v4_bx         0x00000000080061a8        0x0 linker stubs

.iplt           0x00000000080061a8        0x0
 .iplt          0x00000000080061a8        0x0 /Applications/STM32CubeIDE.app/Contents/Eclipse/plugins/com.st.stm32cube.ide.mcu.externaltools.gnu-tools-for-stm32.9-2020-q2-update.macos64_2.0.0.202105311346/tools/bin/../lib/gcc/arm-none-eabi/9.3.1/thumb/v7e-m+fp/hard/crtbegin.o

.rodata         0x00000000080061a8      0x9e0
                0x00000000080061a8                . = ALIGN (0x4)
 *(.rodata)
 .rodata        0x00000000080061a8      0x16f ./Core/Src/main.o
 *(.rodata*)
 *fill*         0x0000000008006317        0x1 
 .rodata.APBPrescTable
                0x0000000008006318        0x8 ./Core/Src/system_stm32l4xx.o
                0x0000000008006318                APBPrescTable
 .rodata.MSIRangeTable
                0x0000000008006320       0x30 ./Core/Src/system_stm32l4xx.o
                0x0000000008006320                MSIRangeTable
 .rodata.sinTable_f32
                0x0000000008006350      0x804 /Users/sachalevy/STM32CubeIDE/workspace_1.8.0/Final/Core/Lib/libarm_cortexM4lf_math.a(arm_common_tables.o)
                0x0000000008006350                sinTable_f32
 .rodata._svfprintf_r.str1.1
                0x0000000008006b54       0x11 /Applications/STM32CubeIDE.app/Contents/Eclipse/plugins/com.st.stm32cube.ide.mcu.externaltools.gnu-tools-for-stm32.9-2020-q2-update.macos64_2.0.0.202105311346/tools/bin/../lib/gcc/arm-none-eabi/9.3.1/../../../../arm-none-eabi/lib/thumb/v7e-m+fp/hard/libc_nano.a(lib_a-nano-svfprintf.o)
 .rodata._printf_i.str1.1
                0x0000000008006b65       0x22 /Applications/STM32CubeIDE.app/Contents/Eclipse/plugins/com.st.stm32cube.ide.mcu.externaltools.gnu-tools-for-stm32.9-2020-q2-update.macos64_2.0.0.202105311346/tools/bin/../lib/gcc/arm-none-eabi/9.3.1/../../../../arm-none-eabi/lib/thumb/v7e-m+fp/hard/libc_nano.a(lib_a-nano-vfprintf_i.o)
                0x0000000008006b88                . = ALIGN (0x4)
 *fill*         0x0000000008006b87        0x1 

.ARM.extab      0x0000000008006b88        0x0
                0x0000000008006b88                . = ALIGN (0x4)
 *(.ARM.extab* .gnu.linkonce.armextab.*)
                0x0000000008006b88                . = ALIGN (0x4)

.ARM            0x0000000008006b88        0x8
                0x0000000008006b88                . = ALIGN (0x4)
                0x0000000008006b88                __exidx_start = .
 *(.ARM.exidx*)
 .ARM.exidx     0x0000000008006b88        0x8 /Applications/STM32CubeIDE.app/Contents/Eclipse/plugins/com.st.stm32cube.ide.mcu.externaltools.gnu-tools-for-stm32.9-2020-q2-update.macos64_2.0.0.202105311346/tools/bin/../lib/gcc/arm-none-eabi/9.3.1/thumb/v7e-m+fp/hard/libgcc.a(_udivmoddi4.o)
                0x0000000008006b90                __exidx_end = .
                0x0000000008006b90                . = ALIGN (0x4)

.rel.dyn        0x0000000008006b90        0x0
 .rel.iplt      0x0000000008006b90        0x0 /Applications/STM32CubeIDE.app/Contents/Eclipse/plugins/com.st.stm32cube.ide.mcu.externaltools.gnu-tools-for-stm32.9-2020-q2-update.macos64_2.0.0.202105311346/tools/bin/../lib/gcc/arm-none-eabi/9.3.1/thumb/v7e-m+fp/hard/crtbegin.o

.preinit_array  0x0000000008006b90        0x0
                0x0000000008006b90                . = ALIGN (0x4)
                0x0000000008006b90                PROVIDE (__preinit_array_start = .)
 *(.preinit_array*)
                0x0000000008006b90                PROVIDE (__preinit_array_end = .)
                0x0000000008006b90                . = ALIGN (0x4)

.init_array     0x0000000008006b90        0x4
                0x0000000008006b90                . = ALIGN (0x4)
                0x0000000008006b90                PROVIDE (__init_array_start = .)
 *(SORT_BY_NAME(.init_array.*))
 *(.init_array*)
 .init_array    0x0000000008006b90        0x4 /Applications/STM32CubeIDE.app/Contents/Eclipse/plugins/com.st.stm32cube.ide.mcu.externaltools.gnu-tools-for-stm32.9-2020-q2-update.macos64_2.0.0.202105311346/tools/bin/../lib/gcc/arm-none-eabi/9.3.1/thumb/v7e-m+fp/hard/crtbegin.o
                0x0000000008006b94                PROVIDE (__init_array_end = .)
                0x0000000008006b94                . = ALIGN (0x4)

.fini_array     0x0000000008006b94        0x4
                0x0000000008006b94                . = ALIGN (0x4)
                [!provide]                        PROVIDE (__fini_array_start = .)
 *(SORT_BY_NAME(.fini_array.*))
 *(.fini_array*)
 .fini_array    0x0000000008006b94        0x4 /Applications/STM32CubeIDE.app/Contents/Eclipse/plugins/com.st.stm32cube.ide.mcu.externaltools.gnu-tools-for-stm32.9-2020-q2-update.macos64_2.0.0.202105311346/tools/bin/../lib/gcc/arm-none-eabi/9.3.1/thumb/v7e-m+fp/hard/crtbegin.o
                [!provide]                        PROVIDE (__fini_array_end = .)
                0x0000000008006b98                . = ALIGN (0x4)
                0x0000000008006b98                _sidata = LOADADDR (.data)

.data           0x0000000020000000       0xb8 load address 0x0000000008006b98
                0x0000000020000000                . = ALIGN (0x4)
                0x0000000020000000                _sdata = .
 *(.data)
 *(.data*)
 .data.acc_thresh
                0x0000000020000000        0x4 ./Core/Src/main.o
                0x0000000020000000                acc_thresh
 .data.stmsg    0x0000000020000004        0x4 ./Core/Src/main.o
                0x0000000020000004                stmsg
 .data.SystemCoreClock
                0x0000000020000008        0x4 ./Core/Src/system_stm32l4xx.o
                0x0000000020000008                SystemCoreClock
 .data.HTS221_H_Drv
                0x000000002000000c        0xc ./Drivers/Components/hts221/hts221.o
                0x000000002000000c                HTS221_H_Drv
 .data.Lsm6dslAccDrv
                0x0000000020000018       0x34 ./Drivers/Components/lsm6dsl/lsm6dsl.o
                0x0000000020000018                Lsm6dslAccDrv
 .data.uwTickPrio
                0x000000002000004c        0x4 ./Drivers/STM32L4xx_HAL_Driver/Src/stm32l4xx_hal.o
                0x000000002000004c                uwTickPrio
 .data.uwTickFreq
                0x0000000020000050        0x1 ./Drivers/STM32L4xx_HAL_Driver/Src/stm32l4xx_hal.o
                0x0000000020000050                uwTickFreq
 *fill*         0x0000000020000051        0x3 
 .data._impure_ptr
                0x0000000020000054        0x4 /Applications/STM32CubeIDE.app/Contents/Eclipse/plugins/com.st.stm32cube.ide.mcu.externaltools.gnu-tools-for-stm32.9-2020-q2-update.macos64_2.0.0.202105311346/tools/bin/../lib/gcc/arm-none-eabi/9.3.1/../../../../arm-none-eabi/lib/thumb/v7e-m+fp/hard/libc_nano.a(lib_a-impure.o)
                0x0000000020000054                _impure_ptr
 .data.impure_data
                0x0000000020000058       0x60 /Applications/STM32CubeIDE.app/Contents/Eclipse/plugins/com.st.stm32cube.ide.mcu.externaltools.gnu-tools-for-stm32.9-2020-q2-update.macos64_2.0.0.202105311346/tools/bin/../lib/gcc/arm-none-eabi/9.3.1/../../../../arm-none-eabi/lib/thumb/v7e-m+fp/hard/libc_nano.a(lib_a-impure.o)
 *(.RamFunc)
 *(.RamFunc*)
                0x00000000200000b8                . = ALIGN (0x4)
                0x00000000200000b8                _edata = .

.igot.plt       0x00000000200000b8        0x0 load address 0x0000000008006c50
 .igot.plt      0x00000000200000b8        0x0 /Applications/STM32CubeIDE.app/Contents/Eclipse/plugins/com.st.stm32cube.ide.mcu.externaltools.gnu-tools-for-stm32.9-2020-q2-update.macos64_2.0.0.202105311346/tools/bin/../lib/gcc/arm-none-eabi/9.3.1/thumb/v7e-m+fp/hard/crtbegin.o
                0x00000000200000b8                . = ALIGN (0x4)

.bss            0x00000000200000b8      0x26c load address 0x0000000008006c50
                0x00000000200000b8                _sbss = .
                0x00000000200000b8                __bss_start__ = _sbss
 *(.bss)
 .bss           0x00000000200000b8       0x1c /Applications/STM32CubeIDE.app/Contents/Eclipse/plugins/com.st.stm32cube.ide.mcu.externaltools.gnu-tools-for-stm32.9-2020-q2-update.macos64_2.0.0.202105311346/tools/bin/../lib/gcc/arm-none-eabi/9.3.1/thumb/v7e-m+fp/hard/crtbegin.o
 *(.bss*)
 .bss.str       0x00000000200000d4        0x4 ./Core/Src/main.o
                0x00000000200000d4                str
 .bss.open      0x00000000200000d8        0x4 ./Core/Src/main.o
                0x00000000200000d8                open
 .bss.counter   0x00000000200000dc        0x4 ./Core/Src/main.o
                0x00000000200000dc                counter
 .bss.iter      0x00000000200000e0        0x4 ./Core/Src/main.o
                0x00000000200000e0                iter
 .bss.shaken    0x00000000200000e4        0x4 ./Core/Src/main.o
                0x00000000200000e4                shaken
 .bss.AccelerometerDrv
                0x00000000200000e8        0x4 ./Core/Src/stm32l4s5i_iot01_accelero.o
 .bss.Hsensor_drv
                0x00000000200000ec        0x4 ./Core/Src/stm32l4s5i_iot01_hsensor.o
 .bss.__sbrk_heap_end
                0x00000000200000f0        0x4 ./Core/Src/sysmem.o
 .bss.__malloc_free_list
                0x00000000200000f4        0x4 /Applications/STM32CubeIDE.app/Contents/Eclipse/plugins/com.st.stm32cube.ide.mcu.externaltools.gnu-tools-for-stm32.9-2020-q2-update.macos64_2.0.0.202105311346/tools/bin/../lib/gcc/arm-none-eabi/9.3.1/../../../../arm-none-eabi/lib/thumb/v7e-m+fp/hard/libc_nano.a(lib_a-nano-mallocr.o)
                0x00000000200000f4                __malloc_free_list
 .bss.__malloc_sbrk_start
                0x00000000200000f8        0x4 /Applications/STM32CubeIDE.app/Contents/Eclipse/plugins/com.st.stm32cube.ide.mcu.externaltools.gnu-tools-for-stm32.9-2020-q2-update.macos64_2.0.0.202105311346/tools/bin/../lib/gcc/arm-none-eabi/9.3.1/../../../../arm-none-eabi/lib/thumb/v7e-m+fp/hard/libc_nano.a(lib_a-nano-mallocr.o)
                0x00000000200000f8                __malloc_sbrk_start
 *(COMMON)
 COMMON         0x00000000200000fc      0x142 ./Core/Src/main.o
                0x00000000200000fc                hsensor
                0x0000000020000100                strSensor
                0x0000000020000134                hdac1
                0x0000000020000148                hi2c2
                0x0000000020000194                Rx_data
                0x0000000020000198                acceleration_XYZ
                0x00000000200001a0                huart1
                0x0000000020000224                str2
                0x0000000020000238                prev_acceleration_XYZ
 *fill*         0x000000002000023e        0x2 
 COMMON         0x0000000020000240       0xd0 ./Core/Src/stm32l4s5i_iot01.o
                0x0000000020000240                hDiscoUart
                0x00000000200002c4                hI2cHandler
 COMMON         0x0000000020000310        0x4 ./Drivers/STM32L4xx_HAL_Driver/Src/stm32l4xx_hal.o
                0x0000000020000310                uwTick
 COMMON         0x0000000020000314        0x4 /Applications/STM32CubeIDE.app/Contents/Eclipse/plugins/com.st.stm32cube.ide.mcu.externaltools.gnu-tools-for-stm32.9-2020-q2-update.macos64_2.0.0.202105311346/tools/bin/../lib/gcc/arm-none-eabi/9.3.1/../../../../arm-none-eabi/lib/thumb/v7e-m+fp/hard/libc_nano.a(lib_a-reent.o)
                0x0000000020000314                errno
 COMMON         0x0000000020000318        0x9 /Applications/STM32CubeIDE.app/Contents/Eclipse/plugins/com.st.stm32cube.ide.mcu.externaltools.gnu-tools-for-stm32.9-2020-q2-update.macos64_2.0.0.202105311346/tools/bin/../lib/gcc/arm-none-eabi/9.3.1/../../../../arm-none-eabi/lib/thumb/v7e-m+fp/hard/libc_nano.a(lib_a-lock.o)
                0x0000000020000318                __lock___atexit_recursive_mutex
                0x0000000020000319                __lock___arc4random_mutex
                0x000000002000031a                __lock___env_recursive_mutex
                0x000000002000031b                __lock___sinit_recursive_mutex
                0x000000002000031c                __lock___malloc_recursive_mutex
                0x000000002000031d                __lock___at_quick_exit_mutex
                0x000000002000031e                __lock___dd_hash_mutex
                0x000000002000031f                __lock___tz_mutex
                0x0000000020000320                __lock___sfp_recursive_mutex
                0x0000000020000324                . = ALIGN (0x4)
 *fill*         0x0000000020000321        0x3 
                0x0000000020000324                _ebss = .
                0x0000000020000324                __bss_end__ = _ebss

._user_heap_stack
                0x0000000020000324      0x604 load address 0x0000000008006c50
                0x0000000020000328                . = ALIGN (0x8)
 *fill*         0x0000000020000324        0x4 
                [!provide]                        PROVIDE (end = .)
                0x0000000020000328                PROVIDE (_end = .)
                0x0000000020000528                . = (. + _Min_Heap_Size)
 *fill*         0x0000000020000328      0x200 
                0x0000000020000928                . = (. + _Min_Stack_Size)
 *fill*         0x0000000020000528      0x400 
                0x0000000020000928                . = ALIGN (0x8)

/DISCARD/
 libc.a(*)
 libm.a(*)
 libgcc.a(*)

.ARM.attributes
                0x0000000000000000       0x30
 *(.ARM.attributes)
 .ARM.attributes
                0x0000000000000000       0x1e /Applications/STM32CubeIDE.app/Contents/Eclipse/plugins/com.st.stm32cube.ide.mcu.externaltools.gnu-tools-for-stm32.9-2020-q2-update.macos64_2.0.0.202105311346/tools/bin/../lib/gcc/arm-none-eabi/9.3.1/thumb/v7e-m+fp/hard/crti.o
 .ARM.attributes
                0x000000000000001e       0x34 /Applications/STM32CubeIDE.app/Contents/Eclipse/plugins/com.st.stm32cube.ide.mcu.externaltools.gnu-tools-for-stm32.9-2020-q2-update.macos64_2.0.0.202105311346/tools/bin/../lib/gcc/arm-none-eabi/9.3.1/thumb/v7e-m+fp/hard/crtbegin.o
 .ARM.attributes
                0x0000000000000052       0x34 ./Core/Src/main.o
 .ARM.attributes
                0x0000000000000086       0x34 ./Core/Src/stm32l4s5i_iot01.o
 .ARM.attributes
                0x00000000000000ba       0x34 ./Core/Src/stm32l4s5i_iot01_accelero.o
 .ARM.attributes
                0x00000000000000ee       0x34 ./Core/Src/stm32l4s5i_iot01_hsensor.o
 .ARM.attributes
                0x0000000000000122       0x34 ./Core/Src/stm32l4xx_hal_msp.o
 .ARM.attributes
                0x0000000000000156       0x34 ./Core/Src/stm32l4xx_it.o
 .ARM.attributes
                0x000000000000018a       0x34 ./Core/Src/sysmem.o
 .ARM.attributes
                0x00000000000001be       0x34 ./Core/Src/system_stm32l4xx.o
 .ARM.attributes
                0x00000000000001f2       0x21 ./Core/Startup/startup_stm32l475vgtx.o
 .ARM.attributes
                0x0000000000000213       0x34 ./Drivers/Components/hts221/hts221.o
 .ARM.attributes
                0x0000000000000247       0x34 ./Drivers/Components/lsm6dsl/lsm6dsl.o
 .ARM.attributes
                0x000000000000027b       0x34 ./Drivers/STM32L4xx_HAL_Driver/Src/stm32l4xx_hal.o
 .ARM.attributes
                0x00000000000002af       0x34 ./Drivers/STM32L4xx_HAL_Driver/Src/stm32l4xx_hal_cortex.o
 .ARM.attributes
                0x00000000000002e3       0x34 ./Drivers/STM32L4xx_HAL_Driver/Src/stm32l4xx_hal_dac.o
 .ARM.attributes
                0x0000000000000317       0x34 ./Drivers/STM32L4xx_HAL_Driver/Src/stm32l4xx_hal_gpio.o
 .ARM.attributes
                0x000000000000034b       0x34 ./Drivers/STM32L4xx_HAL_Driver/Src/stm32l4xx_hal_i2c.o
 .ARM.attributes
                0x000000000000037f       0x34 ./Drivers/STM32L4xx_HAL_Driver/Src/stm32l4xx_hal_i2c_ex.o
 .ARM.attributes
                0x00000000000003b3       0x34 ./Drivers/STM32L4xx_HAL_Driver/Src/stm32l4xx_hal_pwr.o
 .ARM.attributes
                0x00000000000003e7       0x34 ./Drivers/STM32L4xx_HAL_Driver/Src/stm32l4xx_hal_pwr_ex.o
 .ARM.attributes
                0x000000000000041b       0x34 ./Drivers/STM32L4xx_HAL_Driver/Src/stm32l4xx_hal_rcc.o
 .ARM.attributes
                0x000000000000044f       0x34 ./Drivers/STM32L4xx_HAL_Driver/Src/stm32l4xx_hal_rcc_ex.o
 .ARM.attributes
                0x0000000000000483       0x34 ./Drivers/STM32L4xx_HAL_Driver/Src/stm32l4xx_hal_uart.o
 .ARM.attributes
                0x00000000000004b7       0x34 /Users/sachalevy/STM32CubeIDE/workspace_1.8.0/Final/Core/Lib/libarm_cortexM4lf_math.a(arm_sin_f32.o)
 .ARM.attributes
                0x00000000000004eb       0x39 /Users/sachalevy/STM32CubeIDE/workspace_1.8.0/Final/Core/Lib/libarm_cortexM4lf_math.a(arm_common_tables.o)
 .ARM.attributes
                0x0000000000000524       0x34 /Applications/STM32CubeIDE.app/Contents/Eclipse/plugins/com.st.stm32cube.ide.mcu.externaltools.gnu-tools-for-stm32.9-2020-q2-update.macos64_2.0.0.202105311346/tools/bin/../lib/gcc/arm-none-eabi/9.3.1/../../../../arm-none-eabi/lib/thumb/v7e-m+fp/hard/libc_nano.a(lib_a-errno.o)
 .ARM.attributes
                0x0000000000000558       0x32 /Applications/STM32CubeIDE.app/Contents/Eclipse/plugins/com.st.stm32cube.ide.mcu.externaltools.gnu-tools-for-stm32.9-2020-q2-update.macos64_2.0.0.202105311346/tools/bin/../lib/gcc/arm-none-eabi/9.3.1/../../../../arm-none-eabi/lib/thumb/v7e-m+fp/hard/libc_nano.a(lib_a-impure.o)
 .ARM.attributes
                0x000000000000058a       0x34 /Applications/STM32CubeIDE.app/Contents/Eclipse/plugins/com.st.stm32cube.ide.mcu.externaltools.gnu-tools-for-stm32.9-2020-q2-update.macos64_2.0.0.202105311346/tools/bin/../lib/gcc/arm-none-eabi/9.3.1/../../../../arm-none-eabi/lib/thumb/v7e-m+fp/hard/libc_nano.a(lib_a-init.o)
 .ARM.attributes
                0x00000000000005be       0x34 /Applications/STM32CubeIDE.app/Contents/Eclipse/plugins/com.st.stm32cube.ide.mcu.externaltools.gnu-tools-for-stm32.9-2020-q2-update.macos64_2.0.0.202105311346/tools/bin/../lib/gcc/arm-none-eabi/9.3.1/../../../../arm-none-eabi/lib/thumb/v7e-m+fp/hard/libc_nano.a(lib_a-memcpy-stub.o)
 .ARM.attributes
                0x00000000000005f2       0x34 /Applications/STM32CubeIDE.app/Contents/Eclipse/plugins/com.st.stm32cube.ide.mcu.externaltools.gnu-tools-for-stm32.9-2020-q2-update.macos64_2.0.0.202105311346/tools/bin/../lib/gcc/arm-none-eabi/9.3.1/../../../../arm-none-eabi/lib/thumb/v7e-m+fp/hard/libc_nano.a(lib_a-memset.o)
 .ARM.attributes
                0x0000000000000626       0x34 /Applications/STM32CubeIDE.app/Contents/Eclipse/plugins/com.st.stm32cube.ide.mcu.externaltools.gnu-tools-for-stm32.9-2020-q2-update.macos64_2.0.0.202105311346/tools/bin/../lib/gcc/arm-none-eabi/9.3.1/../../../../arm-none-eabi/lib/thumb/v7e-m+fp/hard/libc_nano.a(lib_a-sprintf.o)
 .ARM.attributes
                0x000000000000065a       0x17 /Applications/STM32CubeIDE.app/Contents/Eclipse/plugins/com.st.stm32cube.ide.mcu.externaltools.gnu-tools-for-stm32.9-2020-q2-update.macos64_2.0.0.202105311346/tools/bin/../lib/gcc/arm-none-eabi/9.3.1/../../../../arm-none-eabi/lib/thumb/v7e-m+fp/hard/libc_nano.a(lib_a-strlen.o)
 .ARM.attributes
                0x0000000000000671       0x34 /Applications/STM32CubeIDE.app/Contents/Eclipse/plugins/com.st.stm32cube.ide.mcu.externaltools.gnu-tools-for-stm32.9-2020-q2-update.macos64_2.0.0.202105311346/tools/bin/../lib/gcc/arm-none-eabi/9.3.1/../../../../arm-none-eabi/lib/thumb/v7e-m+fp/hard/libc_nano.a(lib_a-nano-svfprintf.o)
 .ARM.attributes
                0x00000000000006a5       0x34 /Applications/STM32CubeIDE.app/Contents/Eclipse/plugins/com.st.stm32cube.ide.mcu.externaltools.gnu-tools-for-stm32.9-2020-q2-update.macos64_2.0.0.202105311346/tools/bin/../lib/gcc/arm-none-eabi/9.3.1/../../../../arm-none-eabi/lib/thumb/v7e-m+fp/hard/libc_nano.a(lib_a-nano-vfprintf_i.o)
 .ARM.attributes
                0x00000000000006d9       0x1c /Applications/STM32CubeIDE.app/Contents/Eclipse/plugins/com.st.stm32cube.ide.mcu.externaltools.gnu-tools-for-stm32.9-2020-q2-update.macos64_2.0.0.202105311346/tools/bin/../lib/gcc/arm-none-eabi/9.3.1/../../../../arm-none-eabi/lib/thumb/v7e-m+fp/hard/libc_nano.a(lib_a-memchr.o)
 .ARM.attributes
                0x00000000000006f5       0x34 /Applications/STM32CubeIDE.app/Contents/Eclipse/plugins/com.st.stm32cube.ide.mcu.externaltools.gnu-tools-for-stm32.9-2020-q2-update.macos64_2.0.0.202105311346/tools/bin/../lib/gcc/arm-none-eabi/9.3.1/../../../../arm-none-eabi/lib/thumb/v7e-m+fp/hard/libc_nano.a(lib_a-memmove.o)
 .ARM.attributes
                0x0000000000000729       0x34 /Applications/STM32CubeIDE.app/Contents/Eclipse/plugins/com.st.stm32cube.ide.mcu.externaltools.gnu-tools-for-stm32.9-2020-q2-update.macos64_2.0.0.202105311346/tools/bin/../lib/gcc/arm-none-eabi/9.3.1/../../../../arm-none-eabi/lib/thumb/v7e-m+fp/hard/libc_nano.a(lib_a-nano-freer.o)
 .ARM.attributes
                0x000000000000075d       0x34 /Applications/STM32CubeIDE.app/Contents/Eclipse/plugins/com.st.stm32cube.ide.mcu.externaltools.gnu-tools-for-stm32.9-2020-q2-update.macos64_2.0.0.202105311346/tools/bin/../lib/gcc/arm-none-eabi/9.3.1/../../../../arm-none-eabi/lib/thumb/v7e-m+fp/hard/libc_nano.a(lib_a-nano-mallocr.o)
 .ARM.attributes
                0x0000000000000791       0x34 /Applications/STM32CubeIDE.app/Contents/Eclipse/plugins/com.st.stm32cube.ide.mcu.externaltools.gnu-tools-for-stm32.9-2020-q2-update.macos64_2.0.0.202105311346/tools/bin/../lib/gcc/arm-none-eabi/9.3.1/../../../../arm-none-eabi/lib/thumb/v7e-m+fp/hard/libc_nano.a(lib_a-nano-reallocr.o)
 .ARM.attributes
                0x00000000000007c5       0x34 /Applications/STM32CubeIDE.app/Contents/Eclipse/plugins/com.st.stm32cube.ide.mcu.externaltools.gnu-tools-for-stm32.9-2020-q2-update.macos64_2.0.0.202105311346/tools/bin/../lib/gcc/arm-none-eabi/9.3.1/../../../../arm-none-eabi/lib/thumb/v7e-m+fp/hard/libc_nano.a(lib_a-sbrkr.o)
 .ARM.attributes
                0x00000000000007f9       0x34 /Applications/STM32CubeIDE.app/Contents/Eclipse/plugins/com.st.stm32cube.ide.mcu.externaltools.gnu-tools-for-stm32.9-2020-q2-update.macos64_2.0.0.202105311346/tools/bin/../lib/gcc/arm-none-eabi/9.3.1/../../../../arm-none-eabi/lib/thumb/v7e-m+fp/hard/libc_nano.a(lib_a-mlock.o)
 .ARM.attributes
                0x000000000000082d       0x34 /Applications/STM32CubeIDE.app/Contents/Eclipse/plugins/com.st.stm32cube.ide.mcu.externaltools.gnu-tools-for-stm32.9-2020-q2-update.macos64_2.0.0.202105311346/tools/bin/../lib/gcc/arm-none-eabi/9.3.1/../../../../arm-none-eabi/lib/thumb/v7e-m+fp/hard/libc_nano.a(lib_a-nano-msizer.o)
 .ARM.attributes
                0x0000000000000861       0x34 /Applications/STM32CubeIDE.app/Contents/Eclipse/plugins/com.st.stm32cube.ide.mcu.externaltools.gnu-tools-for-stm32.9-2020-q2-update.macos64_2.0.0.202105311346/tools/bin/../lib/gcc/arm-none-eabi/9.3.1/../../../../arm-none-eabi/lib/thumb/v7e-m+fp/hard/libc_nano.a(lib_a-reent.o)
 .ARM.attributes
                0x0000000000000895       0x34 /Applications/STM32CubeIDE.app/Contents/Eclipse/plugins/com.st.stm32cube.ide.mcu.externaltools.gnu-tools-for-stm32.9-2020-q2-update.macos64_2.0.0.202105311346/tools/bin/../lib/gcc/arm-none-eabi/9.3.1/../../../../arm-none-eabi/lib/thumb/v7e-m+fp/hard/libc_nano.a(lib_a-lock.o)
 .ARM.attributes
                0x00000000000008c9       0x1e /Applications/STM32CubeIDE.app/Contents/Eclipse/plugins/com.st.stm32cube.ide.mcu.externaltools.gnu-tools-for-stm32.9-2020-q2-update.macos64_2.0.0.202105311346/tools/bin/../lib/gcc/arm-none-eabi/9.3.1/thumb/v7e-m+fp/hard/libgcc.a(_arm_addsubdf3.o)
 .ARM.attributes
                0x00000000000008e7       0x1e /Applications/STM32CubeIDE.app/Contents/Eclipse/plugins/com.st.stm32cube.ide.mcu.externaltools.gnu-tools-for-stm32.9-2020-q2-update.macos64_2.0.0.202105311346/tools/bin/../lib/gcc/arm-none-eabi/9.3.1/thumb/v7e-m+fp/hard/libgcc.a(_arm_muldivdf3.o)
 .ARM.attributes
                0x0000000000000905       0x1e /Applications/STM32CubeIDE.app/Contents/Eclipse/plugins/com.st.stm32cube.ide.mcu.externaltools.gnu-tools-for-stm32.9-2020-q2-update.macos64_2.0.0.202105311346/tools/bin/../lib/gcc/arm-none-eabi/9.3.1/thumb/v7e-m+fp/hard/libgcc.a(_arm_truncdfsf2.o)
 .ARM.attributes
                0x0000000000000923       0x1e /Applications/STM32CubeIDE.app/Contents/Eclipse/plugins/com.st.stm32cube.ide.mcu.externaltools.gnu-tools-for-stm32.9-2020-q2-update.macos64_2.0.0.202105311346/tools/bin/../lib/gcc/arm-none-eabi/9.3.1/thumb/v7e-m+fp/hard/libgcc.a(_aeabi_uldivmod.o)
 .ARM.attributes
                0x0000000000000941       0x34 /Applications/STM32CubeIDE.app/Contents/Eclipse/plugins/com.st.stm32cube.ide.mcu.externaltools.gnu-tools-for-stm32.9-2020-q2-update.macos64_2.0.0.202105311346/tools/bin/../lib/gcc/arm-none-eabi/9.3.1/thumb/v7e-m+fp/hard/libgcc.a(_udivmoddi4.o)
 .ARM.attributes
                0x0000000000000975       0x1e /Applications/STM32CubeIDE.app/Contents/Eclipse/plugins/com.st.stm32cube.ide.mcu.externaltools.gnu-tools-for-stm32.9-2020-q2-update.macos64_2.0.0.202105311346/tools/bin/../lib/gcc/arm-none-eabi/9.3.1/thumb/v7e-m+fp/hard/libgcc.a(_dvmd_tls.o)
 .ARM.attributes
                0x0000000000000993       0x1e /Applications/STM32CubeIDE.app/Contents/Eclipse/plugins/com.st.stm32cube.ide.mcu.externaltools.gnu-tools-for-stm32.9-2020-q2-update.macos64_2.0.0.202105311346/tools/bin/../lib/gcc/arm-none-eabi/9.3.1/thumb/v7e-m+fp/hard/crtn.o
OUTPUT(Final.elf elf32-littlearm)
LOAD linker stubs
LOAD /Applications/STM32CubeIDE.app/Contents/Eclipse/plugins/com.st.stm32cube.ide.mcu.externaltools.gnu-tools-for-stm32.9-2020-q2-update.macos64_2.0.0.202105311346/tools/bin/../lib/gcc/arm-none-eabi/9.3.1/../../../../arm-none-eabi/lib/thumb/v7e-m+fp/hard/libc.a
LOAD /Applications/STM32CubeIDE.app/Contents/Eclipse/plugins/com.st.stm32cube.ide.mcu.externaltools.gnu-tools-for-stm32.9-2020-q2-update.macos64_2.0.0.202105311346/tools/bin/../lib/gcc/arm-none-eabi/9.3.1/../../../../arm-none-eabi/lib/thumb/v7e-m+fp/hard/libm.a
LOAD /Applications/STM32CubeIDE.app/Contents/Eclipse/plugins/com.st.stm32cube.ide.mcu.externaltools.gnu-tools-for-stm32.9-2020-q2-update.macos64_2.0.0.202105311346/tools/bin/../lib/gcc/arm-none-eabi/9.3.1/thumb/v7e-m+fp/hard/libgcc.a

.debug_info     0x0000000000000000    0x18a7d
 .debug_info    0x0000000000000000     0x26df ./Core/Src/main.o
 .debug_info    0x00000000000026df     0x1bd5 ./Core/Src/stm32l4s5i_iot01.o
 .debug_info    0x00000000000042b4      0x6ac ./Core/Src/stm32l4s5i_iot01_accelero.o
 .debug_info    0x0000000000004960      0x503 ./Core/Src/stm32l4s5i_iot01_hsensor.o
 .debug_info    0x0000000000004e63     0x14da ./Core/Src/stm32l4xx_hal_msp.o
 .debug_info    0x000000000000633d      0x39d ./Core/Src/stm32l4xx_it.o
 .debug_info    0x00000000000066da      0xa25 ./Core/Src/sysmem.o
 .debug_info    0x00000000000070ff      0x772 ./Core/Src/system_stm32l4xx.o
 .debug_info    0x0000000000007871       0x22 ./Core/Startup/startup_stm32l475vgtx.o
 .debug_info    0x0000000000007893      0x4a2 ./Drivers/Components/hts221/hts221.o
 .debug_info    0x0000000000007d35      0x58a ./Drivers/Components/lsm6dsl/lsm6dsl.o
 .debug_info    0x00000000000082bf      0xcb3 ./Drivers/STM32L4xx_HAL_Driver/Src/stm32l4xx_hal.o
 .debug_info    0x0000000000008f72     0x1028 ./Drivers/STM32L4xx_HAL_Driver/Src/stm32l4xx_hal_cortex.o
 .debug_info    0x0000000000009f9a      0xc85 ./Drivers/STM32L4xx_HAL_Driver/Src/stm32l4xx_hal_dac.o
 .debug_info    0x000000000000ac1f      0xa5e ./Drivers/STM32L4xx_HAL_Driver/Src/stm32l4xx_hal_gpio.o
 .debug_info    0x000000000000b67d     0x236d ./Drivers/STM32L4xx_HAL_Driver/Src/stm32l4xx_hal_i2c.o
 .debug_info    0x000000000000d9ea      0xc29 ./Drivers/STM32L4xx_HAL_Driver/Src/stm32l4xx_hal_i2c_ex.o
 .debug_info    0x000000000000e613      0xb39 ./Drivers/STM32L4xx_HAL_Driver/Src/stm32l4xx_hal_pwr.o
 .debug_info    0x000000000000f14c      0xbda ./Drivers/STM32L4xx_HAL_Driver/Src/stm32l4xx_hal_pwr_ex.o
 .debug_info    0x000000000000fd26      0xe37 ./Drivers/STM32L4xx_HAL_Driver/Src/stm32l4xx_hal_rcc.o
 .debug_info    0x0000000000010b5d     0x103f ./Drivers/STM32L4xx_HAL_Driver/Src/stm32l4xx_hal_rcc_ex.o
 .debug_info    0x0000000000011b9c     0x3e4b ./Drivers/STM32L4xx_HAL_Driver/Src/stm32l4xx_hal_uart.o
 .debug_info    0x00000000000159e7     0x1612 /Users/sachalevy/STM32CubeIDE/workspace_1.8.0/Final/Core/Lib/libarm_cortexM4lf_math.a(arm_sin_f32.o)
 .debug_info    0x0000000000016ff9     0x1a84 /Users/sachalevy/STM32CubeIDE/workspace_1.8.0/Final/Core/Lib/libarm_cortexM4lf_math.a(arm_common_tables.o)

.debug_abbrev   0x0000000000000000     0x2e8f
 .debug_abbrev  0x0000000000000000      0x36a ./Core/Src/main.o
 .debug_abbrev  0x000000000000036a      0x2d0 ./Core/Src/stm32l4s5i_iot01.o
 .debug_abbrev  0x000000000000063a      0x177 ./Core/Src/stm32l4s5i_iot01_accelero.o
 .debug_abbrev  0x00000000000007b1      0x13c ./Core/Src/stm32l4s5i_iot01_hsensor.o
 .debug_abbrev  0x00000000000008ed      0x1e4 ./Core/Src/stm32l4xx_hal_msp.o
 .debug_abbrev  0x0000000000000ad1       0xf2 ./Core/Src/stm32l4xx_it.o
 .debug_abbrev  0x0000000000000bc3      0x1bf ./Core/Src/sysmem.o
 .debug_abbrev  0x0000000000000d82      0x165 ./Core/Src/system_stm32l4xx.o
 .debug_abbrev  0x0000000000000ee7       0x12 ./Core/Startup/startup_stm32l475vgtx.o
 .debug_abbrev  0x0000000000000ef9      0x13b ./Drivers/Components/hts221/hts221.o
 .debug_abbrev  0x0000000000001034      0x1b4 ./Drivers/Components/lsm6dsl/lsm6dsl.o
 .debug_abbrev  0x00000000000011e8      0x227 ./Drivers/STM32L4xx_HAL_Driver/Src/stm32l4xx_hal.o
 .debug_abbrev  0x000000000000140f      0x33c ./Drivers/STM32L4xx_HAL_Driver/Src/stm32l4xx_hal_cortex.o
 .debug_abbrev  0x000000000000174b      0x1f2 ./Drivers/STM32L4xx_HAL_Driver/Src/stm32l4xx_hal_dac.o
 .debug_abbrev  0x000000000000193d      0x1e8 ./Drivers/STM32L4xx_HAL_Driver/Src/stm32l4xx_hal_gpio.o
 .debug_abbrev  0x0000000000001b25      0x256 ./Drivers/STM32L4xx_HAL_Driver/Src/stm32l4xx_hal_i2c.o
 .debug_abbrev  0x0000000000001d7b      0x1dd ./Drivers/STM32L4xx_HAL_Driver/Src/stm32l4xx_hal_i2c_ex.o
 .debug_abbrev  0x0000000000001f58      0x1ab ./Drivers/STM32L4xx_HAL_Driver/Src/stm32l4xx_hal_pwr.o
 .debug_abbrev  0x0000000000002103      0x1f3 ./Drivers/STM32L4xx_HAL_Driver/Src/stm32l4xx_hal_pwr_ex.o
 .debug_abbrev  0x00000000000022f6      0x275 ./Drivers/STM32L4xx_HAL_Driver/Src/stm32l4xx_hal_rcc.o
 .debug_abbrev  0x000000000000256b      0x268 ./Drivers/STM32L4xx_HAL_Driver/Src/stm32l4xx_hal_rcc_ex.o
 .debug_abbrev  0x00000000000027d3      0x2b3 ./Drivers/STM32L4xx_HAL_Driver/Src/stm32l4xx_hal_uart.o
 .debug_abbrev  0x0000000000002a86      0x22c /Users/sachalevy/STM32CubeIDE/workspace_1.8.0/Final/Core/Lib/libarm_cortexM4lf_math.a(arm_sin_f32.o)
 .debug_abbrev  0x0000000000002cb2      0x1dd /Users/sachalevy/STM32CubeIDE/workspace_1.8.0/Final/Core/Lib/libarm_cortexM4lf_math.a(arm_common_tables.o)

.debug_aranges  0x0000000000000000      0xfb0
 .debug_aranges
                0x0000000000000000       0x88 ./Core/Src/main.o
 .debug_aranges
                0x0000000000000088      0x120 ./Core/Src/stm32l4s5i_iot01.o
 .debug_aranges
                0x00000000000001a8       0x38 ./Core/Src/stm32l4s5i_iot01_accelero.o
 .debug_aranges
                0x00000000000001e0       0x30 ./Core/Src/stm32l4s5i_iot01_hsensor.o
 .debug_aranges
                0x0000000000000210       0x50 ./Core/Src/stm32l4xx_hal_msp.o
 .debug_aranges
                0x0000000000000260       0x68 ./Core/Src/stm32l4xx_it.o
 .debug_aranges
                0x00000000000002c8       0x20 ./Core/Src/sysmem.o
 .debug_aranges
                0x00000000000002e8       0x28 ./Core/Src/system_stm32l4xx.o
 .debug_aranges
                0x0000000000000310       0x28 ./Core/Startup/startup_stm32l475vgtx.o
 .debug_aranges
                0x0000000000000338       0x40 ./Drivers/Components/hts221/hts221.o
 .debug_aranges
                0x0000000000000378       0x68 ./Drivers/Components/lsm6dsl/lsm6dsl.o
 .debug_aranges
                0x00000000000003e0      0x130 ./Drivers/STM32L4xx_HAL_Driver/Src/stm32l4xx_hal.o
 .debug_aranges
                0x0000000000000510      0x118 ./Drivers/STM32L4xx_HAL_Driver/Src/stm32l4xx_hal_cortex.o
 .debug_aranges
                0x0000000000000628       0xc0 ./Drivers/STM32L4xx_HAL_Driver/Src/stm32l4xx_hal_dac.o
 .debug_aranges
                0x00000000000006e8       0x58 ./Drivers/STM32L4xx_HAL_Driver/Src/stm32l4xx_hal_gpio.o
 .debug_aranges
                0x0000000000000740      0x290 ./Drivers/STM32L4xx_HAL_Driver/Src/stm32l4xx_hal_i2c.o
 .debug_aranges
                0x00000000000009d0       0x48 ./Drivers/STM32L4xx_HAL_Driver/Src/stm32l4xx_hal_i2c_ex.o
 .debug_aranges
                0x0000000000000a18       0x98 ./Drivers/STM32L4xx_HAL_Driver/Src/stm32l4xx_hal_pwr.o
 .debug_aranges
                0x0000000000000ab0      0x150 ./Drivers/STM32L4xx_HAL_Driver/Src/stm32l4xx_hal_pwr_ex.o
 .debug_aranges
                0x0000000000000c00       0x90 ./Drivers/STM32L4xx_HAL_Driver/Src/stm32l4xx_hal_rcc.o
 .debug_aranges
                0x0000000000000c90       0xc0 ./Drivers/STM32L4xx_HAL_Driver/Src/stm32l4xx_hal_rcc_ex.o
 .debug_aranges
                0x0000000000000d50      0x228 ./Drivers/STM32L4xx_HAL_Driver/Src/stm32l4xx_hal_uart.o
 .debug_aranges
                0x0000000000000f78       0x20 /Users/sachalevy/STM32CubeIDE/workspace_1.8.0/Final/Core/Lib/libarm_cortexM4lf_math.a(arm_sin_f32.o)
 .debug_aranges
                0x0000000000000f98       0x18 /Users/sachalevy/STM32CubeIDE/workspace_1.8.0/Final/Core/Lib/libarm_cortexM4lf_math.a(arm_common_tables.o)

.debug_ranges   0x0000000000000000      0xe88
 .debug_ranges  0x0000000000000000       0xa0 ./Core/Src/main.o
 .debug_ranges  0x00000000000000a0      0x110 ./Core/Src/stm32l4s5i_iot01.o
 .debug_ranges  0x00000000000001b0       0x28 ./Core/Src/stm32l4s5i_iot01_accelero.o
 .debug_ranges  0x00000000000001d8       0x20 ./Core/Src/stm32l4s5i_iot01_hsensor.o
 .debug_ranges  0x00000000000001f8       0x40 ./Core/Src/stm32l4xx_hal_msp.o
 .debug_ranges  0x0000000000000238       0x58 ./Core/Src/stm32l4xx_it.o
 .debug_ranges  0x0000000000000290       0x10 ./Core/Src/sysmem.o
 .debug_ranges  0x00000000000002a0       0x18 ./Core/Src/system_stm32l4xx.o
 .debug_ranges  0x00000000000002b8       0x20 ./Core/Startup/startup_stm32l475vgtx.o
 .debug_ranges  0x00000000000002d8       0x30 ./Drivers/Components/hts221/hts221.o
 .debug_ranges  0x0000000000000308       0x58 ./Drivers/Components/lsm6dsl/lsm6dsl.o
 .debug_ranges  0x0000000000000360      0x120 ./Drivers/STM32L4xx_HAL_Driver/Src/stm32l4xx_hal.o
 .debug_ranges  0x0000000000000480      0x108 ./Drivers/STM32L4xx_HAL_Driver/Src/stm32l4xx_hal_cortex.o
 .debug_ranges  0x0000000000000588       0xb0 ./Drivers/STM32L4xx_HAL_Driver/Src/stm32l4xx_hal_dac.o
 .debug_ranges  0x0000000000000638       0x48 ./Drivers/STM32L4xx_HAL_Driver/Src/stm32l4xx_hal_gpio.o
 .debug_ranges  0x0000000000000680      0x280 ./Drivers/STM32L4xx_HAL_Driver/Src/stm32l4xx_hal_i2c.o
 .debug_ranges  0x0000000000000900       0x38 ./Drivers/STM32L4xx_HAL_Driver/Src/stm32l4xx_hal_i2c_ex.o
 .debug_ranges  0x0000000000000938       0x88 ./Drivers/STM32L4xx_HAL_Driver/Src/stm32l4xx_hal_pwr.o
 .debug_ranges  0x00000000000009c0      0x140 ./Drivers/STM32L4xx_HAL_Driver/Src/stm32l4xx_hal_pwr_ex.o
 .debug_ranges  0x0000000000000b00       0x80 ./Drivers/STM32L4xx_HAL_Driver/Src/stm32l4xx_hal_rcc.o
 .debug_ranges  0x0000000000000b80       0xb0 ./Drivers/STM32L4xx_HAL_Driver/Src/stm32l4xx_hal_rcc_ex.o
 .debug_ranges  0x0000000000000c30      0x248 ./Drivers/STM32L4xx_HAL_Driver/Src/stm32l4xx_hal_uart.o
 .debug_ranges  0x0000000000000e78       0x10 /Users/sachalevy/STM32CubeIDE/workspace_1.8.0/Final/Core/Lib/libarm_cortexM4lf_math.a(arm_sin_f32.o)

.debug_macro    0x0000000000000000    0x27c43
 .debug_macro   0x0000000000000000      0x414 ./Core/Src/main.o
 .debug_macro   0x0000000000000414      0xaa8 ./Core/Src/main.o
 .debug_macro   0x0000000000000ebc      0x1ad ./Core/Src/main.o
 .debug_macro   0x0000000000001069       0x2e ./Core/Src/main.o
 .debug_macro   0x0000000000001097       0x28 ./Core/Src/main.o
 .debug_macro   0x00000000000010bf       0x22 ./Core/Src/main.o
 .debug_macro   0x00000000000010e1       0x8e ./Core/Src/main.o
 .debug_macro   0x000000000000116f       0x51 ./Core/Src/main.o
 .debug_macro   0x00000000000011c0      0x103 ./Core/Src/main.o
 .debug_macro   0x00000000000012c3       0x6a ./Core/Src/main.o
 .debug_macro   0x000000000000132d      0x1df ./Core/Src/main.o
 .debug_macro   0x000000000000150c       0x1c ./Core/Src/main.o
 .debug_macro   0x0000000000001528       0x22 ./Core/Src/main.o
 .debug_macro   0x000000000000154a      0x101 ./Core/Src/main.o
 .debug_macro   0x000000000000164b     0x1011 ./Core/Src/main.o
 .debug_macro   0x000000000000265c      0x11f ./Core/Src/main.o
 .debug_macro   0x000000000000277b    0x19dc5 ./Core/Src/main.o
 .debug_macro   0x000000000001c540       0x6d ./Core/Src/main.o
 .debug_macro   0x000000000001c5ad     0x38e2 ./Core/Src/main.o
 .debug_macro   0x000000000001fe8f      0x174 ./Core/Src/main.o
 .debug_macro   0x0000000000020003       0x5c ./Core/Src/main.o
 .debug_macro   0x000000000002005f     0x1558 ./Core/Src/main.o
 .debug_macro   0x00000000000215b7      0x5a5 ./Core/Src/main.o
 .debug_macro   0x0000000000021b5c      0x1b9 ./Core/Src/main.o
 .debug_macro   0x0000000000021d15      0x17d ./Core/Src/main.o
 .debug_macro   0x0000000000021e92      0x26b ./Core/Src/main.o
 .debug_macro   0x00000000000220fd      0x23d ./Core/Src/main.o
 .debug_macro   0x000000000002233a      0x153 ./Core/Src/main.o
 .debug_macro   0x000000000002248d       0xd8 ./Core/Src/main.o
 .debug_macro   0x0000000000022565      0x241 ./Core/Src/main.o
 .debug_macro   0x00000000000227a6      0x37c ./Core/Src/main.o
 .debug_macro   0x0000000000022b22       0xd6 ./Core/Src/main.o
 .debug_macro   0x0000000000022bf8      0x22c ./Core/Src/main.o
 .debug_macro   0x0000000000022e24       0x61 ./Core/Src/main.o
 .debug_macro   0x0000000000022e85       0xa5 ./Core/Src/main.o
 .debug_macro   0x0000000000022f2a      0x122 ./Core/Src/main.o
 .debug_macro   0x000000000002304c      0x3e8 ./Core/Src/main.o
 .debug_macro   0x0000000000023434      0x5ba ./Core/Src/main.o
 .debug_macro   0x00000000000239ee       0x44 ./Core/Src/main.o
 .debug_macro   0x0000000000023a32      0x330 ./Core/Src/main.o
 .debug_macro   0x0000000000023d62      0x1d5 ./Core/Src/main.o
 .debug_macro   0x0000000000023f37      0x15f ./Core/Src/main.o
 .debug_macro   0x0000000000024096       0x52 ./Core/Src/main.o
 .debug_macro   0x00000000000240e8       0x18 ./Core/Src/main.o
 .debug_macro   0x0000000000024100       0x3c ./Core/Src/main.o
 .debug_macro   0x000000000002413c       0x34 ./Core/Src/main.o
 .debug_macro   0x0000000000024170       0x16 ./Core/Src/main.o
 .debug_macro   0x0000000000024186       0x35 ./Core/Src/main.o
 .debug_macro   0x00000000000241bb      0x333 ./Core/Src/main.o
 .debug_macro   0x00000000000244ee       0x10 ./Core/Src/main.o
 .debug_macro   0x00000000000244fe       0x16 ./Core/Src/main.o
 .debug_macro   0x0000000000024514       0x43 ./Core/Src/main.o
 .debug_macro   0x0000000000024557       0x34 ./Core/Src/main.o
 .debug_macro   0x000000000002458b       0x10 ./Core/Src/main.o
 .debug_macro   0x000000000002459b       0x58 ./Core/Src/main.o
 .debug_macro   0x00000000000245f3       0x71 ./Core/Src/main.o
 .debug_macro   0x0000000000024664       0x1c ./Core/Src/main.o
 .debug_macro   0x0000000000024680      0x12a ./Core/Src/main.o
 .debug_macro   0x00000000000247aa       0x10 ./Core/Src/main.o
 .debug_macro   0x00000000000247ba       0x1c ./Core/Src/main.o
 .debug_macro   0x00000000000247d6       0x52 ./Core/Src/main.o
 .debug_macro   0x0000000000024828       0x22 ./Core/Src/main.o
 .debug_macro   0x000000000002484a       0x10 ./Core/Src/main.o
 .debug_macro   0x000000000002485a       0x40 ./Core/Src/main.o
 .debug_macro   0x000000000002489a       0xd5 ./Core/Src/main.o
 .debug_macro   0x000000000002496f       0x1c ./Core/Src/main.o
 .debug_macro   0x000000000002498b       0x3d ./Core/Src/main.o
 .debug_macro   0x00000000000249c8       0x16 ./Core/Src/main.o
 .debug_macro   0x00000000000249de      0x145 ./Core/Src/main.o
 .debug_macro   0x0000000000024b23       0x16 ./Core/Src/main.o
 .debug_macro   0x0000000000024b39       0x20 ./Core/Src/main.o
 .debug_macro   0x0000000000024b59      0x1a9 ./Core/Src/main.o
 .debug_macro   0x0000000000024d02      0x201 ./Core/Src/main.o
 .debug_macro   0x0000000000024f03       0xc8 ./Core/Src/main.o
 .debug_macro   0x0000000000024fcb      0x428 ./Core/Src/main.o
 .debug_macro   0x00000000000253f3      0x206 ./Core/Src/stm32l4s5i_iot01.o
 .debug_macro   0x00000000000255f9      0x1cf ./Core/Src/stm32l4s5i_iot01.o
 .debug_macro   0x00000000000257c8      0x215 ./Core/Src/stm32l4s5i_iot01_accelero.o
 .debug_macro   0x00000000000259dd      0x215 ./Core/Src/stm32l4s5i_iot01_hsensor.o
 .debug_macro   0x0000000000025bf2      0x1e3 ./Core/Src/stm32l4xx_hal_msp.o
 .debug_macro   0x0000000000025dd5      0x1ed ./Core/Src/stm32l4xx_it.o
 .debug_macro   0x0000000000025fc2       0xff ./Core/Src/sysmem.o
 .debug_macro   0x00000000000260c1      0x23b ./Core/Src/sysmem.o
 .debug_macro   0x00000000000262fc      0x1d9 ./Core/Src/system_stm32l4xx.o
 .debug_macro   0x00000000000264d5       0x86 ./Drivers/Components/hts221/hts221.o
 .debug_macro   0x000000000002655b       0x86 ./Drivers/Components/lsm6dsl/lsm6dsl.o
 .debug_macro   0x00000000000265e1      0x227 ./Drivers/STM32L4xx_HAL_Driver/Src/stm32l4xx_hal.o
 .debug_macro   0x0000000000026808      0x1d9 ./Drivers/STM32L4xx_HAL_Driver/Src/stm32l4xx_hal_cortex.o
 .debug_macro   0x00000000000269e1      0x1e8 ./Drivers/STM32L4xx_HAL_Driver/Src/stm32l4xx_hal_dac.o
 .debug_macro   0x0000000000026bc9      0x1e0 ./Drivers/STM32L4xx_HAL_Driver/Src/stm32l4xx_hal_gpio.o
 .debug_macro   0x0000000000026da9      0x2a5 ./Drivers/STM32L4xx_HAL_Driver/Src/stm32l4xx_hal_i2c.o
 .debug_macro   0x000000000002704e      0x1d9 ./Drivers/STM32L4xx_HAL_Driver/Src/stm32l4xx_hal_i2c_ex.o
 .debug_macro   0x0000000000027227      0x1f1 ./Drivers/STM32L4xx_HAL_Driver/Src/stm32l4xx_hal_pwr.o
 .debug_macro   0x0000000000027418      0x1fd ./Drivers/STM32L4xx_HAL_Driver/Src/stm32l4xx_hal_pwr_ex.o
 .debug_macro   0x0000000000027615      0x21b ./Drivers/STM32L4xx_HAL_Driver/Src/stm32l4xx_hal_rcc.o
 .debug_macro   0x0000000000027830      0x20f ./Drivers/STM32L4xx_HAL_Driver/Src/stm32l4xx_hal_rcc_ex.o
 .debug_macro   0x0000000000027a3f      0x204 ./Drivers/STM32L4xx_HAL_Driver/Src/stm32l4xx_hal_uart.o

.debug_line     0x0000000000000000    0x13699
 .debug_line    0x0000000000000000     0x113b ./Core/Src/main.o
 .debug_line    0x000000000000113b      0xbc9 ./Core/Src/stm32l4s5i_iot01.o
 .debug_line    0x0000000000001d04      0x8fa ./Core/Src/stm32l4s5i_iot01_accelero.o
 .debug_line    0x00000000000025fe      0x88e ./Core/Src/stm32l4s5i_iot01_hsensor.o
 .debug_line    0x0000000000002e8c      0x830 ./Core/Src/stm32l4xx_hal_msp.o
 .debug_line    0x00000000000036bc      0x803 ./Core/Src/stm32l4xx_it.o
 .debug_line    0x0000000000003ebf      0x534 ./Core/Src/sysmem.o
 .debug_line    0x00000000000043f3      0x7be ./Core/Src/system_stm32l4xx.o
 .debug_line    0x0000000000004bb1       0x88 ./Core/Startup/startup_stm32l475vgtx.o
 .debug_line    0x0000000000004c39      0x582 ./Drivers/Components/hts221/hts221.o
 .debug_line    0x00000000000051bb      0x6d4 ./Drivers/Components/lsm6dsl/lsm6dsl.o
 .debug_line    0x000000000000588f      0xb18 ./Drivers/STM32L4xx_HAL_Driver/Src/stm32l4xx_hal.o
 .debug_line    0x00000000000063a7      0xcbf ./Drivers/STM32L4xx_HAL_Driver/Src/stm32l4xx_hal_cortex.o
 .debug_line    0x0000000000007066      0xbf1 ./Drivers/STM32L4xx_HAL_Driver/Src/stm32l4xx_hal_dac.o
 .debug_line    0x0000000000007c57      0xb8c ./Drivers/STM32L4xx_HAL_Driver/Src/stm32l4xx_hal_gpio.o
 .debug_line    0x00000000000087e3     0x33b0 ./Drivers/STM32L4xx_HAL_Driver/Src/stm32l4xx_hal_i2c.o
 .debug_line    0x000000000000bb93      0x946 ./Drivers/STM32L4xx_HAL_Driver/Src/stm32l4xx_hal_i2c_ex.o
 .debug_line    0x000000000000c4d9      0x8f5 ./Drivers/STM32L4xx_HAL_Driver/Src/stm32l4xx_hal_pwr.o
 .debug_line    0x000000000000cdce      0xcd4 ./Drivers/STM32L4xx_HAL_Driver/Src/stm32l4xx_hal_pwr_ex.o
 .debug_line    0x000000000000daa2      0xf7e ./Drivers/STM32L4xx_HAL_Driver/Src/stm32l4xx_hal_rcc.o
 .debug_line    0x000000000000ea20     0x14d1 ./Drivers/STM32L4xx_HAL_Driver/Src/stm32l4xx_hal_rcc_ex.o
 .debug_line    0x000000000000fef1     0x3295 ./Drivers/STM32L4xx_HAL_Driver/Src/stm32l4xx_hal_uart.o
 .debug_line    0x0000000000013186      0x2d0 /Users/sachalevy/STM32CubeIDE/workspace_1.8.0/Final/Core/Lib/libarm_cortexM4lf_math.a(arm_sin_f32.o)
 .debug_line    0x0000000000013456      0x243 /Users/sachalevy/STM32CubeIDE/workspace_1.8.0/Final/Core/Lib/libarm_cortexM4lf_math.a(arm_common_tables.o)

.debug_str      0x0000000000000000    0xf0933
 .debug_str     0x0000000000000000    0xebb9c ./Core/Src/main.o
                                      0xec1de (size before relaxing)
 .debug_str     0x00000000000ebb9c      0x55c ./Core/Src/stm32l4s5i_iot01.o
                                      0xe4d96 (size before relaxing)
 .debug_str     0x00000000000ec0f8      0x17f ./Core/Src/stm32l4s5i_iot01_accelero.o
                                      0xe540a (size before relaxing)
 .debug_str     0x00000000000ec277       0x89 ./Core/Src/stm32l4s5i_iot01_hsensor.o
                                      0xe4327 (size before relaxing)
 .debug_str     0x00000000000ec300      0x2f8 ./Core/Src/stm32l4xx_hal_msp.o
                                      0xe3a4b (size before relaxing)
 .debug_str     0x00000000000ec5f8       0xd2 ./Core/Src/stm32l4xx_it.o
                                      0xe2e9d (size before relaxing)
 .debug_str     0x00000000000ec6ca      0x4e9 ./Core/Src/sysmem.o
                                       0x629f (size before relaxing)
 .debug_str     0x00000000000ecbb3       0xb8 ./Core/Src/system_stm32l4xx.o
                                      0xe2fae (size before relaxing)
 .debug_str     0x00000000000ecc6b       0x36 ./Core/Startup/startup_stm32l475vgtx.o
                                         0x70 (size before relaxing)
 .debug_str     0x00000000000ecca1       0xfb ./Drivers/Components/hts221/hts221.o
                                       0x4587 (size before relaxing)
 .debug_str     0x00000000000ecd9c      0x113 ./Drivers/Components/lsm6dsl/lsm6dsl.o
                                       0x5570 (size before relaxing)
 .debug_str     0x00000000000eceaf      0x596 ./Drivers/STM32L4xx_HAL_Driver/Src/stm32l4xx_hal.o
                                      0xe3aa4 (size before relaxing)
 .debug_str     0x00000000000ed445      0x37f ./Drivers/STM32L4xx_HAL_Driver/Src/stm32l4xx_hal_cortex.o
                                      0xe3814 (size before relaxing)
 .debug_str     0x00000000000ed7c4      0x204 ./Drivers/STM32L4xx_HAL_Driver/Src/stm32l4xx_hal_dac.o
                                      0xe33ff (size before relaxing)
 .debug_str     0x00000000000ed9c8      0x141 ./Drivers/STM32L4xx_HAL_Driver/Src/stm32l4xx_hal_gpio.o
                                      0xe3173 (size before relaxing)
 .debug_str     0x00000000000edb09      0xd7e ./Drivers/STM32L4xx_HAL_Driver/Src/stm32l4xx_hal_i2c.o
                                      0xe4137 (size before relaxing)
 .debug_str     0x00000000000ee887       0xb8 ./Drivers/STM32L4xx_HAL_Driver/Src/stm32l4xx_hal_i2c_ex.o
                                      0xe34d2 (size before relaxing)
 .debug_str     0x00000000000ee93f      0x2f1 ./Drivers/STM32L4xx_HAL_Driver/Src/stm32l4xx_hal_pwr.o