main.c:86:6:HAL_GPIO_EXTI_Callback	24	static
main.c:101:6:StartTransmitHumidity	8	static
main.c:117:6:StartTransmitAcceleration	16	static
main.c:132:6:StartReadHumidity	8	static
main.c:139:6:readHumidity	40	static
main.c:186:6:shake	4	static
main.c:197:6:checkShaken	56	static
main.c:258:5:main	512	static
main.c:451:6:SystemClock_Config	96	static
main.c:497:13:MX_DAC1_Init	48	static
main.c:535:13:MX_I2C2_Init	8	static
main.c:578:13:MX_USART1_UART_Init	8	static
main.c:611:13:MX_GPIO_Init	40	static
main.c:639:6:Error_Handler	4	static,ignoring_inline_asm
